Archive member included because of file (symbol)

libs/gcc/app_start.lib(fileSys.o)
                              build\gcc\obj/custom/fota/src/fota_ftp.o (Ql_FS_Open)
libs/gcc/app_start.lib(fota.o)
                              build\gcc\obj/custom/fota/src/fota_main.o (Ql_FOTA_Init)
libs/gcc/app_start.lib(gprs.o)
                              build\gcc\obj/custom/fota/src/fota_main.o (Ql_GPRS_GetPDPContextId)
libs/gcc/app_start.lib(iic.o)
                              build\gcc\obj/example/nema_pro.o (Ql_IIC_Write)
libs/gcc/app_start.lib(lib_ril_sms.o)
                              build\gcc\obj/ril/src/ril_sms.o (LIB_SMS_IsValidHexStr)
libs/gcc/app_start.lib(memory.o)
                              build\gcc\obj/ril/src/ril_bluetooth.o (Ql_MEM_Alloc)
libs/gcc/app_start.lib(ql_func.o)
                              libs/gcc/app_start.lib(memory.o) (api_notsup)
libs/gcc/app_start.lib(ql_main.o)
                              build\gcc\obj/ril/src/ril_bluetooth.o (Ql_Debug_Trace)
libs/gcc/app_start.lib(ril_aux.o)
                              build\gcc\obj/custom/config/sys_config.o (proc_reserved2)
libs/gcc/app_start.lib(ril_main.o)
                              build\gcc\obj/custom/config/sys_config.o (proc_reserved1)
libs/gcc/app_start.lib(stdlib_func.o)
                              build\gcc\obj/ril/src/Ril_dtmf.o (Ql_atof)
libs/gcc/app_start.lib(system.o)
                              build\gcc\obj/ril/src/ril_ftp.o (Ql_Sleep)
libs/gcc/app_start.lib(taskMngt.o)
                              build\gcc\obj/custom/dual_sim/src/dual_sim.o (Ql_OS_GetMessage)
libs/gcc/app_start.lib(timer.o)
                              build\gcc\obj/custom/dual_sim/src/timer.o (Ql_Timer_Register)
libs/gcc/app_start.lib(uart.o)
                              build\gcc\obj/custom/dual_sim/src/dual_sim.o (Ql_UART_Register)
libs/gcc/app_start.lib(ocpu_init.o)
                              libs/gcc/app_start.lib(ql_main.o) (_OCPU_InitUserMem)
C:\Program Files\CodeSourcery\Sourcery_CodeBench_Lite_for_ARM_EABI/arm-none-eabi/lib/thumb/libc.a(lib_a-memcpy.o)
                              build\gcc\obj/ril/src/ril_alarm.o (memcpy)
C:\Program Files\CodeSourcery\Sourcery_CodeBench_Lite_for_ARM_EABI/arm-none-eabi/lib/thumb/libc.a(lib_a-memset.o)
                              build\gcc\obj/ril/src/ril_alarm.o (memset)
C:\Program Files\CodeSourcery\Sourcery_CodeBench_Lite_for_ARM_EABI/lib/gcc/arm-none-eabi/4.7.2/thumb/libgcc.a(_udivsi3.o)
                              libs/gcc/app_start.lib(lib_ril_sms.o) (__aeabi_uidiv)
C:\Program Files\CodeSourcery\Sourcery_CodeBench_Lite_for_ARM_EABI/lib/gcc/arm-none-eabi/4.7.2/thumb/libgcc.a(_divsi3.o)
                              libs/gcc/app_start.lib(lib_ril_sms.o) (__aeabi_idiv)
C:\Program Files\CodeSourcery\Sourcery_CodeBench_Lite_for_ARM_EABI/lib/gcc/arm-none-eabi/4.7.2/thumb/libgcc.a(_dvmd_tls.o)
                              C:\Program Files\CodeSourcery\Sourcery_CodeBench_Lite_for_ARM_EABI/lib/gcc/arm-none-eabi/4.7.2/thumb/libgcc.a(_udivsi3.o) (__aeabi_idiv0)
C:\Program Files\CodeSourcery\Sourcery_CodeBench_Lite_for_ARM_EABI/lib/gcc/arm-none-eabi/4.7.2/thumb/libgcc.a(_arm_fixdfsi.o)
                              build\gcc\obj/ril/src/Ril_dtmf.o (__aeabi_d2iz)
C:\Program Files\CodeSourcery\Sourcery_CodeBench_Lite_for_ARM_EABI/lib/gcc/arm-none-eabi/4.7.2/thumb/libgcc.a(_arm_truncdfsf2.o)
                              build\gcc\obj/ril/src/ril_location.o (__aeabi_d2f)

Allocating common symbols
Common symbol       size              file

Ql_snprintf         0x4               libs/gcc/app_start.lib(ql_main.o)
Ql_sprintf          0x4               libs/gcc/app_start.lib(ql_main.o)
Ql_Debug_Trace      0x4               libs/gcc/app_start.lib(ql_main.o)
SecureDataStringLen
                    0x4               build\gcc\obj/ril/src/ril_system.o
u4OverflowPkt       0x4               build\gcc\obj/example/nema_pro.o
Ql_vsprintf         0x4               libs/gcc/app_start.lib(ql_main.o)
Ql_sscanf           0x4               libs/gcc/app_start.lib(ql_main.o)
rx_state            0x1               build\gcc\obj/example/nema_pro.o
g_comingCall        0x124             build\gcc\obj/ril/src/ril_telephony.o
Fota_gprsCfg        0xb0              build\gcc\obj/custom/fota/src/fota_main.o
FotaConfig          0x10              build\gcc\obj/custom/fota/src/fota_main.o
id_que              0x600             build\gcc\obj/example/nema_pro.o
u4PktInQueue        0x4               build\gcc\obj/example/nema_pro.o
id_que_tail         0x2               build\gcc\obj/example/nema_pro.o
id_que_head         0x2               build\gcc\obj/example/nema_pro.o
rx_que              0x8000            build\gcc\obj/example/nema_pro.o
rd_buf              0x100             build\gcc\obj/example/nema_pro.o
rx_que_head         0x2               build\gcc\obj/example/nema_pro.o
u4SyncPkt           0x4               build\gcc\obj/example/nema_pro.o

Discarded input sections

[...]
Memory Configuration

Name             Origin             Length             Attributes
ROM              0x102db040         0x00050000         xr
RAM              0xf03d2000         0x00019000         xrw
*default*        0x00000000         0xffffffff

Linker script and memory map

                0x102db040                . = 0x102db040

.initdata       0x102db040       0x2c
 *(.initdata)
 .initdata      0x102db040       0x2c libs/gcc/app_start.lib(ql_main.o)
                0x102db040                GADLENTRY

text            0x102db070      0x420
 *(.text)
 .text          0x102db070       0x4c libs/gcc/app_start.lib(ocpu_init.o)
                0x102db070                _OCPU_InitUserMem
 .text          0x102db0bc      0x10c C:\Program Files\CodeSourcery\Sourcery_CodeBench_Lite_for_ARM_EABI/arm-none-eabi/lib/thumb/libc.a(lib_a-memcpy.o)
                0x102db0bc                memcpy
 .text          0x102db1c8       0x9c C:\Program Files\CodeSourcery\Sourcery_CodeBench_Lite_for_ARM_EABI/arm-none-eabi/lib/thumb/libc.a(lib_a-memset.o)
                0x102db1c8                memset
 .text          0x102db264      0x11c C:\Program Files\CodeSourcery\Sourcery_CodeBench_Lite_for_ARM_EABI/lib/gcc/arm-none-eabi/4.7.2/thumb/libgcc.a(_udivsi3.o)
                0x102db264                __aeabi_uidiv
                0x102db264                __udivsi3
                0x102db360                __aeabi_uidivmod
 .text          0x102db380        0x4 C:\Program Files\CodeSourcery\Sourcery_CodeBench_Lite_for_ARM_EABI/lib/gcc/arm-none-eabi/4.7.2/thumb/libgcc.a(_dvmd_tls.o)
                0x102db380                __aeabi_idiv0
                0x102db380                __aeabi_ldiv0
 .text          0x102db384       0x5c C:\Program Files\CodeSourcery\Sourcery_CodeBench_Lite_for_ARM_EABI/lib/gcc/arm-none-eabi/4.7.2/thumb/libgcc.a(_arm_fixdfsi.o)
                0x102db384                __aeabi_d2iz
                0x102db384                __fixdfsi
 .text          0x102db3e0       0xa0 C:\Program Files\CodeSourcery\Sourcery_CodeBench_Lite_for_ARM_EABI/lib/gcc/arm-none-eabi/4.7.2/thumb/libgcc.a(_arm_truncdfsf2.o)
                0x102db3e0                __truncdfsf2
                0x102db3e0                __aeabi_d2f
 .text.__stub   0x102db480        0xc linker stubs

.glue_7         0x102db490        0x0
 .glue_7        0x00000000        0x0 linker stubs

.glue_7t        0x102db490        0x0
 .glue_7t       0x00000000        0x0 linker stubs

.vfp11_veneer   0x102db490        0x0
 .vfp11_veneer  0x00000000        0x0 linker stubs

.v4_bx          0x102db490        0x0
 .v4_bx         0x00000000        0x0 linker stubs

.iplt           0x102db490        0x0
 .iplt          0x00000000        0x0 build\gcc\obj/custom/config/custom_sys_cfg.o

.text.Ql_RIL_AT_SetErrCode
                0x102db490       0x10
 .text.Ql_RIL_AT_SetErrCode
                0x102db490       0x10 build\gcc\obj/ril/src/ril_atResponse.o
                0x102db490                Ql_RIL_AT_SetErrCode

.text.Default_atRsp_callback
                0x102db4a0       0xcc
 .text.Default_atRsp_callback
                0x102db4a0       0xcc build\gcc\obj/ril/src/ril_atResponse.o
                0x102db4a0                Default_atRsp_callback

.text.OnURCHandler_BTGatscon
                0x102db56c      0x118
 .text.OnURCHandler_BTGatscon
                0x102db56c      0x118 build\gcc\obj/ril/src/ril_ble.o
                0x102db56c                OnURCHandler_BTGatscon

.text.OnURCHandler_BTGatwreq
                0x102db684       0xf8
 .text.OnURCHandler_BTGatwreq
                0x102db684       0xf8 build\gcc\obj/ril/src/ril_ble.o
                0x102db684                OnURCHandler_BTGatwreq

.text.OnURCHandler_BTGatewreq
                0x102db77c       0xe0
 .text.OnURCHandler_BTGatewreq
                0x102db77c       0xe0 build\gcc\obj/ril/src/ril_ble.o
                0x102db77c                OnURCHandler_BTGatewreq

.text.OnURCHandler_BTGatrreq
                0x102db85c       0xc8
 .text.OnURCHandler_BTGatrreq
                0x102db85c       0xc8 build\gcc\obj/ril/src/ril_ble.o
                0x102db85c                OnURCHandler_BTGatrreq

.text.OnURCHandler_BTpxpscon
                0x102db924       0xa8
 .text.OnURCHandler_BTpxpscon
                0x102db924       0xa8 build\gcc\obj/ril/src/ril_ble.o
                0x102db924                OnURCHandler_BTpxpscon

.text.OnURCHandler_BTfmpscon
                0x102db9cc       0x9c
 .text.OnURCHandler_BTfmpscon
                0x102db9cc       0x9c build\gcc\obj/ril/src/ril_ble.o
                0x102db9cc                OnURCHandler_BTfmpscon

.text.BT_DevMngmt_Append
                0x102dba68       0x34
 .text.BT_DevMngmt_Append
                0x102dba68       0x34 build\gcc\obj/ril/src/ril_bluetooth.o

.text.BT_DevMngmt_isFull
                0x102dba9c       0x40
 .text.BT_DevMngmt_isFull
                0x102dba9c       0x40 build\gcc\obj/ril/src/ril_bluetooth.o

.text.ATRsp_QBTSTATE_Hdlr
                0x102dbadc      0x444
 .text.ATRsp_QBTSTATE_Hdlr
                0x102dbadc      0x444 build\gcc\obj/ril/src/ril_bluetooth.o

.text.BT_DevMngmt_UpdateProfileId.constprop.7
                0x102dbf20       0x38
 .text.BT_DevMngmt_UpdateProfileId.constprop.7
                0x102dbf20       0x38 build\gcc\obj/ril/src/ril_bluetooth.o

.text.BT_DevMngmt_UpdateConnId.constprop.8
                0x102dbf58       0x38
 .text.BT_DevMngmt_UpdateConnId.constprop.8
                0x102dbf58       0x38 build\gcc\obj/ril/src/ril_bluetooth.o

.text.OnURCHandler_BTVisible
                0x102dbf90       0xe4
 .text.OnURCHandler_BTVisible
                0x102dbf90       0xe4 build\gcc\obj/ril/src/ril_bluetooth.o
                0x102dbf90                OnURCHandler_BTVisible

.text.OnURCHandler_BTScan
                0x102dc074      0x26c
 .text.OnURCHandler_BTScan
                0x102dc074      0x26c build\gcc\obj/ril/src/ril_bluetooth.o
                0x102dc074                OnURCHandler_BTScan

.text.RIL_BT_QueryState
                0x102dc2e0       0x68
 .text.RIL_BT_QueryState
                0x102dc2e0       0x68 build\gcc\obj/ril/src/ril_bluetooth.o
                0x102dc2e0                RIL_BT_QueryState

.text.OnURCHandler_BTPair
                0x102dc348      0x208
 .text.OnURCHandler_BTPair
                0x102dc348      0x208 build\gcc\obj/ril/src/ril_bluetooth.o
                0x102dc348                OnURCHandler_BTPair

.text.OnURCHandler_BTPairCnf
                0x102dc550      0x22c
 .text.OnURCHandler_BTPairCnf
                0x102dc550      0x22c build\gcc\obj/ril/src/ril_bluetooth.o
                0x102dc550                OnURCHandler_BTPairCnf

.text.OnURCHandler_BTConn
                0x102dc77c      0x234
 .text.OnURCHandler_BTConn
                0x102dc77c      0x234 build\gcc\obj/ril/src/ril_bluetooth.o
                0x102dc77c                OnURCHandler_BTConn

.text.OnURCHandler_BTConnCnf
                0x102dc9b0      0x2bc
 .text.OnURCHandler_BTConnCnf
                0x102dc9b0      0x2bc build\gcc\obj/ril/src/ril_bluetooth.o
                0x102dc9b0                OnURCHandler_BTConnCnf

.text.OnURCHandler_BTDisconn
                0x102dcc6c      0x1b8
 .text.OnURCHandler_BTDisconn
                0x102dcc6c      0x1b8 build\gcc\obj/ril/src/ril_bluetooth.o
                0x102dcc6c                OnURCHandler_BTDisconn

.text.OnURCHandler_BTIndication
                0x102dce24      0x35c
 .text.OnURCHandler_BTIndication
                0x102dce24      0x35c build\gcc\obj/ril/src/ril_bluetooth.o
                0x102dce24                OnURCHandler_BTIndication

.text.Ql_RIL_RcvDataFrmCore
                0x102dd180       0x20
 .text.Ql_RIL_RcvDataFrmCore
                0x102dd180       0x20 build\gcc\obj/ril/src/ril_custom.o
                0x102dd180                Ql_RIL_RcvDataFrmCore

.text.OnURCHandler_QToneDet
                0x102dd1a0       0xf4
 .text.OnURCHandler_QToneDet
                0x102dd1a0       0xf4 build\gcc\obj/ril/src/Ril_dtmf.o
                0x102dd1a0                OnURCHandler_QToneDet

.text.OnURCHandler_QWDTMF
                0x102dd294       0xa0
 .text.OnURCHandler_QWDTMF
                0x102dd294       0xa0 build\gcc\obj/ril/src/Ril_dtmf.o
                0x102dd294                OnURCHandler_QWDTMF

.text.OnURCHandler_GPSCMD
                0x102dd334       0x6c
 .text.OnURCHandler_GPSCMD
                0x102dd334       0x6c build\gcc\obj/ril/src/ril_gps.o
                0x102dd334                OnURCHandler_GPSCMD

.text.RIL_GetInitCmdCnt
                0x102dd3a0        0x8
 .text.RIL_GetInitCmdCnt
                0x102dd3a0        0x8 build\gcc\obj/ril/src/ril_init.o
                0x102dd3a0                RIL_GetInitCmdCnt

.text.RIL_GetLimitedCmdCnt
                0x102dd3a8        0x8
 .text.RIL_GetLimitedCmdCnt
                0x102dd3a8        0x8 build\gcc\obj/ril/src/ril_init.o
                0x102dd3a8                RIL_GetLimitedCmdCnt

.text.OnURCHandler_QCELLLocation
                0x102dd3b0      0x148
 .text.OnURCHandler_QCELLLocation
                0x102dd3b0      0x148 build\gcc\obj/ril/src/ril_location.o
                0x102dd3b0                OnURCHandler_QCELLLocation

.text.ATResponse_CSQ_Handler
                0x102dd4f8       0xc8
 .text.ATResponse_CSQ_Handler
                0x102dd4f8       0xc8 build\gcc\obj/ril/src/ril_network.o

.text.ATResponse_CGREG_Handler
                0x102dd5c0       0xcc
 .text.ATResponse_CGREG_Handler
                0x102dd5c0       0xcc build\gcc\obj/ril/src/ril_network.o

.text.ATResponse_CREG_Handler
                0x102dd68c       0xcc
 .text.ATResponse_CREG_Handler
                0x102dd68c       0xcc build\gcc\obj/ril/src/ril_network.o

.text.RIL_NW_GetGSMState
                0x102dd758       0x78
 .text.RIL_NW_GetGSMState
                0x102dd758       0x78 build\gcc\obj/ril/src/ril_network.o
                0x102dd758                RIL_NW_GetGSMState

.text.RIL_NW_GetGPRSState
                0x102dd7d0       0x78
 .text.RIL_NW_GetGPRSState
                0x102dd7d0       0x78 build\gcc\obj/ril/src/ril_network.o
                0x102dd7d0                RIL_NW_GetGPRSState

.text.RIL_NW_GetSignalQuality
                0x102dd848       0x98
 .text.RIL_NW_GetSignalQuality
                0x102dd848       0x98 build\gcc\obj/ril/src/ril_network.o
                0x102dd848                RIL_NW_GetSignalQuality

.text.OnURCHandler_NTPCMD
                0x102dd8e0       0x6c
 .text.OnURCHandler_NTPCMD
                0x102dd8e0       0x6c build\gcc\obj/ril/src/ril_ntp.o
                0x102dd8e0                OnURCHandler_NTPCMD

.text.RIL_SIM_GetSimStateByName
                0x102dd94c      0x170
 .text.RIL_SIM_GetSimStateByName
                0x102dd94c      0x170 build\gcc\obj/ril/src/ril_sim.o
                0x102dd94c                RIL_SIM_GetSimStateByName

.text.OnURCHandler_HTTP
                0x102ddabc       0x6c
 .text.OnURCHandler_HTTP
                0x102ddabc       0x6c build\gcc\obj/ril/src/ril_urc.o

.text.OnURCHandler_AudPlayInd
                0x102ddb28       0x50
 .text.OnURCHandler_AudPlayInd
                0x102ddb28       0x50 build\gcc\obj/ril/src/ril_urc.o

.text.OnURCHandler_FTP
                0x102ddb78      0x178
 .text.OnURCHandler_FTP
                0x102ddb78      0x178 build\gcc\obj/ril/src/ril_urc.o

.text.OnURCHandler_AlarmRing
                0x102ddcf0       0x28
 .text.OnURCHandler_AlarmRing
                0x102ddcf0       0x28 build\gcc\obj/ril/src/ril_urc.o

.text.OnURCHandler_InitStat
                0x102ddd18       0x68
 .text.OnURCHandler_InitStat
                0x102ddd18       0x68 build\gcc\obj/ril/src/ril_urc.o

.text.OnURCHandler_CFUN
                0x102ddd80       0xc0
 .text.OnURCHandler_CFUN
                0x102ddd80       0xc0 build\gcc\obj/ril/src/ril_urc.o

.text.OnURCHandler_Voltage
                0x102dde40       0xa4
 .text.OnURCHandler_Voltage
                0x102dde40       0xa4 build\gcc\obj/ril/src/ril_urc.o

.text.OnURCHandler_Network
                0x102ddee4      0x178
 .text.OnURCHandler_Network
                0x102ddee4      0x178 build\gcc\obj/ril/src/ril_urc.o

.text.OnURCHandler_Call
                0x102de05c      0x28c
 .text.OnURCHandler_Call
                0x102de05c      0x28c build\gcc\obj/ril/src/ril_urc.o

.text.OnURCHandler_SIM
                0x102de2e8      0x100
 .text.OnURCHandler_SIM
                0x102de2e8      0x100 build\gcc\obj/ril/src/ril_urc.o

.text.OnURCHandler_SMS
                0x102de3e8      0x138
 .text.OnURCHandler_SMS
                0x102de3e8      0x138 build\gcc\obj/ril/src/ril_urc.o

.text.OnURCHandler
                0x102de520       0xc0
 .text.OnURCHandler
                0x102de520       0xc0 build\gcc\obj/ril/src/ril_urc.o
                0x102de520                OnURCHandler

.text.Ql_RIL_IsURCStr
                0x102de5e0       0x80
 .text.Ql_RIL_IsURCStr
                0x102de5e0       0x80 build\gcc\obj/ril/src/ril_urc.o
                0x102de5e0                Ql_RIL_IsURCStr

.text.Ql_StrPrefixMatch
                0x102de660       0x48
 .text.Ql_StrPrefixMatch
                0x102de660       0x48 build\gcc\obj/ril/src/ril_util.o
                0x102de660                Ql_StrPrefixMatch

.text.Ql_StrToUpper
                0x102de6a8       0x44
 .text.Ql_StrToUpper
                0x102de6a8       0x44 build\gcc\obj/ril/src/ril_util.o
                0x102de6a8                Ql_StrToUpper

.text.Ql_RIL_FindString
                0x102de6ec       0x90
 .text.Ql_RIL_FindString
                0x102de6ec       0x90 build\gcc\obj/ril/src/ril_util.o
                0x102de6ec                Ql_RIL_FindString

.text.Ql_RIL_FindLine
                0x102de77c      0x278
 .text.Ql_RIL_FindLine
                0x102de77c      0x278 build\gcc\obj/ril/src/ril_util.o
                0x102de77c                Ql_RIL_FindLine

.text.Ql_GenHash
                0x102de9f4       0x4c
 .text.Ql_GenHash
                0x102de9f4       0x4c build\gcc\obj/ril/src/ril_util.o
                0x102de9f4                Ql_GenHash

.text.signal_quality
                0x102dea40       0xb4
 .text.signal_quality
                0x102dea40       0xb4 build\gcc\obj/custom/dual_sim/src/diagnostics.o
                0x102dea40                signal_quality

.text.GSM_status
                0x102deaf4       0x98
 .text.GSM_status
                0x102deaf4       0x98 build\gcc\obj/custom/dual_sim/src/diagnostics.o
                0x102deaf4                GSM_status

.text.GPRS_status
                0x102deb8c       0x98
 .text.GPRS_status
                0x102deb8c       0x98 build\gcc\obj/custom/dual_sim/src/diagnostics.o
                0x102deb8c                GPRS_status

.text.network_test
                0x102dec24      0x1c0
 .text.network_test
                0x102dec24      0x1c0 build\gcc\obj/custom/dual_sim/src/diagnostics.o
                0x102dec24                network_test

.text.ReadSerialPort
                0x102dede4       0xd4
 .text.ReadSerialPort
                0x102dede4       0xd4 build\gcc\obj/custom/dual_sim/src/dual_sim.o
                0x102dede4                ReadSerialPort

.text.CallBack_UART_Hdlr
                0x102deeb8       0x28
 .text.CallBack_UART_Hdlr
                0x102deeb8       0x28 build\gcc\obj/custom/dual_sim/src/dual_sim.o
                0x102deeb8                CallBack_UART_Hdlr

.text.get_core  0x102deee0       0xbc
 .text.get_core
                0x102deee0       0xbc build\gcc\obj/custom/dual_sim/src/dual_sim.o
                0x102deee0                get_core

.text.get_SDK   0x102def9c       0xbc
 .text.get_SDK  0x102def9c       0xbc build\gcc\obj/custom/dual_sim/src/dual_sim.o
                0x102def9c                get_SDK

.text.proc_main_task
                0x102df058      0x1fc
 .text.proc_main_task
                0x102df058      0x1fc build\gcc\obj/custom/dual_sim/src/dual_sim.o
                0x102df058                proc_main_task

.text.dual_sim_diagnostics_timer_handler
                0x102df254       0x84
 .text.dual_sim_diagnostics_timer_handler
                0x102df254       0x84 build\gcc\obj/custom/dual_sim/src/timer.o
                0x102df254                dual_sim_diagnostics_timer_handler

.text.init_and_start_dual_sim_diagnostics_timer
                0x102df2d8      0x1a0
 .text.init_and_start_dual_sim_diagnostics_timer
                0x102df2d8      0x1a0 build\gcc\obj/custom/dual_sim/src/timer.o
                0x102df2d8                init_and_start_dual_sim_diagnostics_timer

.text.Ql_MEM_Alloc
                0x102df478       0x78
 .text.Ql_MEM_Alloc
                0x102df478       0x78 libs/gcc/app_start.lib(memory.o)
                0x102df478                Ql_MEM_Alloc

.text.Ql_MEM_Free
                0x102df4f0       0x74
 .text.Ql_MEM_Free
                0x102df4f0       0x74 libs/gcc/app_start.lib(memory.o)
                0x102df4f0                Ql_MEM_Free

.text.ql_InitVFunc
                0x102df564      0x104
 .text.ql_InitVFunc
                0x102df564      0x104 libs/gcc/app_start.lib(ql_main.o)
                0x102df564                ql_InitVFunc

.text.ocpu_main
                0x102df668       0xf0
 .text.ocpu_main
                0x102df668       0xf0 libs/gcc/app_start.lib(ql_main.o)
                0x102df668                ocpu_main

.text.proc_reserved2
                0x102df758       0x70
 .text.proc_reserved2
                0x102df758       0x70 libs/gcc/app_start.lib(ril_aux.o)
                0x102df758                proc_reserved2

.text.ril_StopATTimer
                0x102df7c8       0x34
 .text.ril_StopATTimer
                0x102df7c8       0x34 libs/gcc/app_start.lib(ril_main.o)

.text.Callback_OnATTimer
                0x102df7fc       0x4c
 .text.Callback_OnATTimer
                0x102df7fc       0x4c libs/gcc/app_start.lib(ril_main.o)

.text.CallBack_SerialPort_Hdlr
                0x102df848      0x384
 .text.CallBack_SerialPort_Hdlr
                0x102df848      0x384 libs/gcc/app_start.lib(ril_main.o)

.text.proc_reserved1
                0x102dfbcc      0x200
 .text.proc_reserved1
                0x102dfbcc      0x200 libs/gcc/app_start.lib(ril_main.o)
                0x102dfbcc                proc_reserved1

.text.Ql_RIL_Initialize
                0x102dfdcc       0xd4
 .text.Ql_RIL_Initialize
                0x102dfdcc       0xd4 libs/gcc/app_start.lib(ril_main.o)
                0x102dfdcc                Ql_RIL_Initialize

.text.Ql_RIL_SendATCmd
                0x102dfea0      0x260
 .text.Ql_RIL_SendATCmd
                0x102dfea0      0x260 libs/gcc/app_start.lib(ril_main.o)
                0x102dfea0                Ql_RIL_SendATCmd

.text.Ql_atof   0x102e0100       0x98
 .text.Ql_atof  0x102e0100       0x98 libs/gcc/app_start.lib(stdlib_func.o)
                0x102e0100                Ql_atof

.text.Ql_strcpy
                0x102e0198       0xa0
 .text.Ql_strcpy
                0x102e0198       0xa0 libs/gcc/app_start.lib(stdlib_func.o)
                0x102e0198                Ql_strcpy

.text.Ql_strncpy
                0x102e0238       0x88
 .text.Ql_strncpy
                0x102e0238       0x88 libs/gcc/app_start.lib(stdlib_func.o)
                0x102e0238                Ql_strncpy

.text.Ql_strlen
                0x102e02c0       0x78
 .text.Ql_strlen
                0x102e02c0       0x78 libs/gcc/app_start.lib(stdlib_func.o)
                0x102e02c0                Ql_strlen

.text.Ql_strcmp
                0x102e0338       0x68
 .text.Ql_strcmp
                0x102e0338       0x68 libs/gcc/app_start.lib(stdlib_func.o)
                0x102e0338                Ql_strcmp

.text.Ql_strncmp
                0x102e03a0       0x70
 .text.Ql_strncmp
                0x102e03a0       0x70 libs/gcc/app_start.lib(stdlib_func.o)
                0x102e03a0                Ql_strncmp

.text.Ql_memset
                0x102e0410       0x88
 .text.Ql_memset
                0x102e0410       0x88 libs/gcc/app_start.lib(stdlib_func.o)
                0x102e0410                Ql_memset

.text.Ql_memcpy
                0x102e0498       0x88
 .text.Ql_memcpy
                0x102e0498       0x88 libs/gcc/app_start.lib(stdlib_func.o)
                0x102e0498                Ql_memcpy

.text.Ql_strstr
                0x102e0520       0x80
 .text.Ql_strstr
                0x102e0520       0x80 libs/gcc/app_start.lib(stdlib_func.o)
                0x102e0520                Ql_strstr

.text.Ql_toupper
                0x102e05a0        0x8
 .text.Ql_toupper
                0x102e05a0        0x8 libs/gcc/app_start.lib(stdlib_func.o)
                0x102e05a0                Ql_toupper

.text.Ql_atoi   0x102e05a8       0x84
 .text.Ql_atoi  0x102e05a8       0x84 libs/gcc/app_start.lib(stdlib_func.o)
                0x102e05a8                Ql_atoi

.text.Ql_GetCoreVer
                0x102e062c       0x6c
 .text.Ql_GetCoreVer
                0x102e062c       0x6c libs/gcc/app_start.lib(system.o)
                0x102e062c                Ql_GetCoreVer

.text.Ql_GetSDKVer
                0x102e0698       0x64
 .text.Ql_GetSDKVer
                0x102e0698       0x64 libs/gcc/app_start.lib(system.o)
                0x102e0698                Ql_GetSDKVer

.text.Ql_OS_GetMessage
                0x102e06fc       0x60
 .text.Ql_OS_GetMessage
                0x102e06fc       0x60 libs/gcc/app_start.lib(taskMngt.o)
                0x102e06fc                Ql_OS_GetMessage

.text.Ql_OS_SendMessage
                0x102e075c       0x78
 .text.Ql_OS_SendMessage
                0x102e075c       0x78 libs/gcc/app_start.lib(taskMngt.o)
                0x102e075c                Ql_OS_SendMessage

.text.Ql_OS_CreateMutex
                0x102e07d4       0x54
 .text.Ql_OS_CreateMutex
                0x102e07d4       0x54 libs/gcc/app_start.lib(taskMngt.o)
                0x102e07d4                Ql_OS_CreateMutex

.text.Ql_OS_TakeMutex
                0x102e0828       0x54
 .text.Ql_OS_TakeMutex
                0x102e0828       0x54 libs/gcc/app_start.lib(taskMngt.o)
                0x102e0828                Ql_OS_TakeMutex

.text.Ql_OS_GiveMutex
                0x102e087c       0x54
 .text.Ql_OS_GiveMutex
                0x102e087c       0x54 libs/gcc/app_start.lib(taskMngt.o)
                0x102e087c                Ql_OS_GiveMutex

.text.Ql_OS_CreateEvent
                0x102e08d0       0x54
 .text.Ql_OS_CreateEvent
                0x102e08d0       0x54 libs/gcc/app_start.lib(taskMngt.o)
                0x102e08d0                Ql_OS_CreateEvent

.text.Ql_OS_WaitEvent
                0x102e0924       0x68
 .text.Ql_OS_WaitEvent
                0x102e0924       0x68 libs/gcc/app_start.lib(taskMngt.o)
                0x102e0924                Ql_OS_WaitEvent

.text.Ql_OS_SetEvent
                0x102e098c       0x68
 .text.Ql_OS_SetEvent
                0x102e098c       0x68 libs/gcc/app_start.lib(taskMngt.o)
                0x102e098c                Ql_OS_SetEvent

.text.Ql_Timer_Register
                0x102e09f4       0x70
 .text.Ql_Timer_Register
                0x102e09f4       0x70 libs/gcc/app_start.lib(timer.o)
                0x102e09f4                Ql_Timer_Register

.text.Ql_Timer_Start
                0x102e0a64       0x70
 .text.Ql_Timer_Start
                0x102e0a64       0x70 libs/gcc/app_start.lib(timer.o)
                0x102e0a64                Ql_Timer_Start

.text.Ql_Timer_Stop
                0x102e0ad4       0x60
 .text.Ql_Timer_Stop
                0x102e0ad4       0x60 libs/gcc/app_start.lib(timer.o)
                0x102e0ad4                Ql_Timer_Stop

.text.Ql_UART_Register
                0x102e0b34       0x70
 .text.Ql_UART_Register
                0x102e0b34       0x70 libs/gcc/app_start.lib(uart.o)
                0x102e0b34                Ql_UART_Register

.text.Ql_UART_Open
                0x102e0ba4       0x70
 .text.Ql_UART_Open
                0x102e0ba4       0x70 libs/gcc/app_start.lib(uart.o)
                0x102e0ba4                Ql_UART_Open

.text.Ql_UART_Write
                0x102e0c14       0x70
 .text.Ql_UART_Write
                0x102e0c14       0x70 libs/gcc/app_start.lib(uart.o)
                0x102e0c14                Ql_UART_Write

.text.Ql_UART_Read
                0x102e0c84       0x70
 .text.Ql_UART_Read
                0x102e0c84       0x70 libs/gcc/app_start.lib(uart.o)
                0x102e0c84                Ql_UART_Read

.text.Ql_UART_GetPinStatus
                0x102e0cf4       0x68
 .text.Ql_UART_GetPinStatus
                0x102e0cf4       0x68 libs/gcc/app_start.lib(uart.o)
                0x102e0cf4                Ql_UART_GetPinStatus

.text.Ql_UART_SendEscap
                0x102e0d5c       0x60
 .text.Ql_UART_SendEscap
                0x102e0d5c       0x60 libs/gcc/app_start.lib(uart.o)
                0x102e0d5c                Ql_UART_SendEscap

.rodata         0x102e0dbc      0xcb8
 *(.rodata)
 .rodata        0x102e0dbc       0x48 build\gcc\obj/custom/config/custom_sys_cfg.o
                0x102e0dc0                SystemCfg
 .rodata        0x102e0e04       0x54 build\gcc\obj/custom/config/sys_config.o
                0x102e0e04                GpioConfigTbl
                0x102e0e08                TaskConfig
 .rodata        0x102e0e58      0x100 build\gcc\obj/ril/src/ril_bluetooth.o
 .rodata        0x102e0f58       0x1a build\gcc\obj/ril/src/Ril_dtmf.o
 .rodata        0x102e0f72       0x4c build\gcc\obj/ril/src/ril_gps.o
 .rodata        0x102e0fbe        0xe build\gcc\obj/ril/src/ril_location.o
 .rodata        0x102e0fcc       0x5d build\gcc\obj/ril/src/ril_network.o
 .rodata        0x102e1029        0xa build\gcc\obj/ril/src/ril_ntp.o
 *fill*         0x102e1033        0x1 
 .rodata        0x102e1034      0xa10 build\gcc\obj/ril/src/ril_urc.o
 .rodata        0x102e1a44       0x16 libs/gcc/app_start.lib(ql_main.o)
 .rodata        0x102e1a5a        0x4 libs/gcc/app_start.lib(ril_main.o)
 .rodata        0x102e1a5e       0x16 libs/gcc/app_start.lib(system.o)

.rodata.str1.1  0x102e1a74     0x14e3
 .rodata.str1.1
                0x102e1a74       0x25 build\gcc\obj/ril/src/ril_atResponse.o
                                 0x2e (size before relaxing)
 .rodata.str1.1
                0x102e1a99      0x491 build\gcc\obj/ril/src/ril_ble.o
                                0x53e (size before relaxing)
 .rodata.str1.1
                0x102e1f2a      0x3ad build\gcc\obj/ril/src/ril_bluetooth.o
                                0x4e3 (size before relaxing)
 .rodata.str1.1
                0x102e22d7       0xb7 build\gcc\obj/ril/src/Ril_dtmf.o
                                 0xcc (size before relaxing)
 .rodata.str1.1
                0x102e238e       0x52 build\gcc\obj/ril/src/ril_init.o
 .rodata.str1.1
                0x102e23e0       0x8a build\gcc\obj/ril/src/ril_location.o
                                 0xca (size before relaxing)
 .rodata.str1.1
                0x102e246a       0xf8 build\gcc\obj/ril/src/ril_network.o
                                0x112 (size before relaxing)
 .rodata.str1.1
                0x102e2562       0x79 build\gcc\obj/ril/src/ril_sim.o
                                 0xaf (size before relaxing)
 .rodata.str1.1
                0x102e25db      0x164 build\gcc\obj/ril/src/ril_urc.o
                                0x16b (size before relaxing)
 .rodata.str1.1
                0x102e273f       0x11 build\gcc\obj/ril/src/ril_util.o
                                 0x16 (size before relaxing)
 .rodata.str1.1
                0x102e2750       0x82 build\gcc\obj/custom/dual_sim/src/diagnostics.o
 .rodata.str1.1
                0x102e27d2      0x297 build\gcc\obj/custom/dual_sim/src/dual_sim.o
                                0x2b7 (size before relaxing)
 .rodata.str1.1
                0x102e2a69       0xfb build\gcc\obj/custom/dual_sim/src/timer.o
 .rodata.str1.1
                0x102e2b64       0x19 libs/gcc/app_start.lib(memory.o)
 .rodata.str1.1
                0x102e2b7d       0x51 libs/gcc/app_start.lib(ql_main.o)
                                 0x56 (size before relaxing)
 .rodata.str1.1
                0x102e2bce       0x1e libs/gcc/app_start.lib(ril_main.o)
                                 0x25 (size before relaxing)
 .rodata.str1.1
                0x102e2bec       0xa1 libs/gcc/app_start.lib(stdlib_func.o)
 .rodata.str1.1
                0x102e2c8d       0x3d libs/gcc/app_start.lib(system.o)
 .rodata.str1.1
                0x102e2cca      0x140 libs/gcc/app_start.lib(taskMngt.o)
 .rodata.str1.1
                0x102e2e0a       0x45 libs/gcc/app_start.lib(timer.o)
 .rodata.str1.1
                0x102e2e4f      0x108 libs/gcc/app_start.lib(uart.o)

.rel.dyn        0x102e2f58        0x0
 .rel.iplt      0x00000000        0x0 build\gcc\obj/custom/config/custom_sys_cfg.o

.data           0xf03d2000       0x50 load address 0x102e2f58
                0x102e2f58                PROVIDE (__data_load, LOADADDR (.data))
                0xf03d2000                PROVIDE (__data_start, .)
 *(.data)
 .data          0xf03d2000        0x1 build\gcc\obj/ril/src/ril_bluetooth.o
 *fill*         0xf03d2001        0x3 
 .data          0xf03d2004       0x20 build\gcc\obj/ril/src/ril_init.o
                0xf03d2004                g_LimitedCmds
                0xf03d200c                g_InitCmds
 .data          0xf03d2024       0x18 libs/gcc/app_start.lib(ql_func.o)
                0xf03d2024                api_notsup
 .data          0xf03d203c        0x4 libs/gcc/app_start.lib(ril_aux.o)
                0xf03d203c                g_ril_auxTaskId
 .data          0xf03d2040       0x10 libs/gcc/app_start.lib(ril_main.o)
                0xf03d2050                . = ALIGN (0x8)
                0xf03d2050                PROVIDE (_edata, .)

.igot.plt       0xf03d2050        0x0 load address 0x102e2fa8
 .igot.plt      0x00000000        0x0 build\gcc\obj/custom/config/custom_sys_cfg.o

.bss            0xf03d2050     0x1da0 load address 0x102e2fa8
                0xf03d2050                PROVIDE (__bss_start__, .)
 *(.bss)
 .bss           0xf03d2050        0x4 build\gcc\obj/ril/src/ril_atResponse.o
 .bss           0xf03d2054        0x4 build\gcc\obj/ril/src/ril_audio.o
                0xf03d2054                cb_aud_play
 .bss           0xf03d2058        0x4 build\gcc\obj/ril/src/ril_ble.o
 .bss           0xf03d205c       0x98 build\gcc\obj/ril/src/ril_bluetooth.o
 .bss           0xf03d20f4        0x4 build\gcc\obj/ril/src/ril_custom.o
                0xf03d20f4                cb_rcvCoreData
 .bss           0xf03d20f8       0x10 build\gcc\obj/ril/src/Ril_dtmf.o
 .bss           0xf03d2108        0x4 build\gcc\obj/ril/src/ril_gps.o
 .bss           0xf03d210c       0x18 build\gcc\obj/ril/src/ril_http.o
                0xf03d2110                http_url_addr
                0xf03d2114                http_url_addr_len
                0xf03d2118                http_post_msg
                0xf03d211c                http_post_msg_len
                0xf03d2120                callback_http_dwnld
 .bss           0xf03d2124        0x4 build\gcc\obj/ril/src/ril_location.o
 .bss           0xf03d2128        0x4 build\gcc\obj/ril/src/ril_ntp.o
 .bss           0xf03d212c        0x8 build\gcc\obj/ril/src/ril_urc.o
                0xf03d212c                FtpGet_IND_CB
                0xf03d2130                FtpPut_IND_CB
 .bss           0xf03d2134      0x210 build\gcc\obj/custom/dual_sim/src/diagnostics.o
 .bss           0xf03d2344      0xa10 build\gcc\obj/custom/dual_sim/src/dual_sim.o
 .bss           0xf03d2d54      0x210 build\gcc\obj/custom/dual_sim/src/timer.o
 .bss           0xf03d2f64        0x8 libs/gcc/app_start.lib(memory.o)
 .bss           0xf03d2f6c       0x24 libs/gcc/app_start.lib(ql_func.o)
                0xf03d2f6c                m_StartPlayAudioStream
                0xf03d2f70                m_get_api_ptr
                0xf03d2f74                m_StopPlayAudioStream
                0xf03d2f78                m_GetRelativeTime_Counter
                0xf03d2f7c                m_SecondToTicks
                0xf03d2f80                m_MillisecondToTicks
                0xf03d2f84                m_CalendarTime2LocalTime
                0xf03d2f88                m_osChangeTaskPriority
                0xf03d2f8c                m_create_api_hash
 .bss           0xf03d2f90       0x10 libs/gcc/app_start.lib(ql_main.o)
                0xf03d2f94                runinfo
 .bss           0xf03d2fa0        0x1 libs/gcc/app_start.lib(ril_aux.o)
                0xf03d2fa0                g_ril_auxTaskReady
 *fill*         0xf03d2fa1        0x3 
 .bss           0xf03d2fa4      0xc34 libs/gcc/app_start.lib(ril_main.o)
 .bss           0xf03d3bd8       0x40 libs/gcc/app_start.lib(stdlib_func.o)
 .bss           0xf03d3c18       0x14 libs/gcc/app_start.lib(system.o)
 .bss           0xf03d3c2c       0x40 libs/gcc/app_start.lib(taskMngt.o)
 .bss           0xf03d3c6c       0x10 libs/gcc/app_start.lib(timer.o)
 .bss           0xf03d3c7c       0x3c libs/gcc/app_start.lib(uart.o)
                0xf03d3cb8                . = ALIGN (0x8)
                0xf03d3cb8                PROVIDE (__bss_end__, .)
 COMMON         0xf03d3cb8      0x124 build\gcc\obj/ril/src/ril_telephony.o
                0xf03d3cb8                g_comingCall
 COMMON         0xf03d3ddc       0x14 libs/gcc/app_start.lib(ql_main.o)
                0xf03d3ddc                Ql_snprintf
                0xf03d3de0                Ql_sprintf
                0xf03d3de4                Ql_Debug_Trace
                0xf03d3de8                Ql_vsprintf
                0xf03d3dec                Ql_sscanf
LOAD build\gcc\obj/custom/config/custom_sys_cfg.o
LOAD build\gcc\obj/custom/config/sys_config.o
LOAD build\gcc\obj/ril/src/ril_alarm.o
LOAD build\gcc\obj/ril/src/ril_atResponse.o
LOAD build\gcc\obj/ril/src/ril_audio.o
LOAD build\gcc\obj/ril/src/ril_ble.o
LOAD build\gcc\obj/ril/src/ril_bluetooth.o
LOAD build\gcc\obj/ril/src/ril_custom.o
LOAD build\gcc\obj/ril/src/Ril_dtmf.o
LOAD build\gcc\obj/ril/src/ril_ftp.o
LOAD build\gcc\obj/ril/src/ril_gps.o
LOAD build\gcc\obj/ril/src/ril_http.o
LOAD build\gcc\obj/ril/src/ril_init.o
LOAD build\gcc\obj/ril/src/ril_location.o
LOAD build\gcc\obj/ril/src/ril_network.o
LOAD build\gcc\obj/ril/src/ril_ntp.o
LOAD build\gcc\obj/ril/src/ril_sim.o
LOAD build\gcc\obj/ril/src/ril_sms.o
LOAD build\gcc\obj/ril/src/ril_system.o
LOAD build\gcc\obj/ril/src/ril_telephony.o
LOAD build\gcc\obj/ril/src/ril_urc.o
LOAD build\gcc\obj/ril/src/ril_util.o
LOAD build\gcc\obj/example/example_adc.o
LOAD build\gcc\obj/example/example_alarm.o
LOAD build\gcc\obj/example/example_audio.o
LOAD build\gcc\obj/example/example_ble.o
LOAD build\gcc\obj/example/example_bluetooth.o
LOAD build\gcc\obj/example/example_call.o
LOAD build\gcc\obj/example/example_clk.o
LOAD build\gcc\obj/example/example_csd.o
LOAD build\gcc\obj/example/example_download_epo.o
LOAD build\gcc\obj/example/example_dtmf.o
LOAD build\gcc\obj/example/example_eint.o
LOAD build\gcc\obj/example/example_epo_callback.o
LOAD build\gcc\obj/example/example_file.o
LOAD build\gcc\obj/example/example_float_math.o
LOAD build\gcc\obj/example/example_fota_ftp.o
LOAD build\gcc\obj/example/example_fota_http.o
LOAD build\gcc\obj/example/example_ftp.o
LOAD build\gcc\obj/example/example_gpio.o
LOAD build\gcc\obj/example/example_gps.o
LOAD build\gcc\obj/example/Example_gps_iic.o
LOAD build\gcc\obj/example/example_http.o
LOAD build\gcc\obj/example/example_iic.o
LOAD build\gcc\obj/example/example_location.o
LOAD build\gcc\obj/example/example_memory.o
LOAD build\gcc\obj/example/example_multitask.o
LOAD build\gcc\obj/example/example_multitask_port.o
LOAD build\gcc\obj/example/example_pwm.o
LOAD build\gcc\obj/example/example_sms.o
LOAD build\gcc\obj/example/example_spi.o
LOAD build\gcc\obj/example/example_system.o
LOAD build\gcc\obj/example/example_tcp_demo.o
LOAD build\gcc\obj/example/example_tcpclient.o
LOAD build\gcc\obj/example/example_tcpserver.o
LOAD build\gcc\obj/example/example_time.o
LOAD build\gcc\obj/example/example_timer.o
LOAD build\gcc\obj/example/example_transpass.o
LOAD build\gcc\obj/example/example_udpclient.o
LOAD build\gcc\obj/example/example_udpserver.o
LOAD build\gcc\obj/example/example_watchdog.o
LOAD build\gcc\obj/example/nema_pro.o
LOAD build\gcc\obj/example/utility.o
LOAD build\gcc\obj/custom/main.o
LOAD build\gcc\obj/custom/fota/src/fota_ftp.o
LOAD build\gcc\obj/custom/fota/src/fota_http.o
LOAD build\gcc\obj/custom/fota/src/fota_http_code.o
LOAD build\gcc\obj/custom/fota/src/fota_main.o
LOAD build\gcc\obj/custom/dual_sim/src/diagnostics.o
LOAD build\gcc\obj/custom/dual_sim/src/dual_sim.o
LOAD build\gcc\obj/custom/dual_sim/src/timer.o
LOAD libs/gcc/app_start.lib
LOAD C:\Program Files\CodeSourcery\Sourcery_CodeBench_Lite_for_ARM_EABI/arm-none-eabi/lib/thumb/libm.a
LOAD C:\Program Files\CodeSourcery\Sourcery_CodeBench_Lite_for_ARM_EABI/arm-none-eabi/lib/thumb/libc.a
LOAD C:\Program Files\CodeSourcery\Sourcery_CodeBench_Lite_for_ARM_EABI/arm-none-eabi/lib/thumb/libcs3.a
LOAD C:\Program Files\CodeSourcery\Sourcery_CodeBench_Lite_for_ARM_EABI/lib/gcc/arm-none-eabi/4.7.2/thumb/libgcc.a
OUTPUT(build\gcc/APPGS3MDM32A01.elf elf32-littlearm)

.comment        0x00000000       0x30
 .comment       0x00000000       0x30 build\gcc\obj/custom/config/custom_sys_cfg.o
                                 0x31 (size before relaxing)
 .comment       0x00000000       0x31 build\gcc\obj/custom/config/sys_config.o
 .comment       0x00000000       0x31 build\gcc\obj/ril/src/ril_atResponse.o
 .comment       0x00000000       0x31 build\gcc\obj/ril/src/ril_audio.o
 .comment       0x00000000       0x31 build\gcc\obj/ril/src/ril_ble.o
 .comment       0x00000000       0x31 build\gcc\obj/ril/src/ril_bluetooth.o
 .comment       0x00000000       0x31 build\gcc\obj/ril/src/ril_custom.o
 .comment       0x00000000       0x31 build\gcc\obj/ril/src/Ril_dtmf.o
 .comment       0x00000000       0x31 build\gcc\obj/ril/src/ril_gps.o
 .comment       0x00000000       0x31 build\gcc\obj/ril/src/ril_http.o
 .comment       0x00000000       0x31 build\gcc\obj/ril/src/ril_init.o
 .comment       0x00000000       0x31 build\gcc\obj/ril/src/ril_location.o
 .comment       0x00000000       0x31 build\gcc\obj/ril/src/ril_network.o
 .comment       0x00000000       0x31 build\gcc\obj/ril/src/ril_ntp.o
 .comment       0x00000000       0x31 build\gcc\obj/ril/src/ril_sim.o
 .comment       0x00000000       0x31 build\gcc\obj/ril/src/ril_telephony.o
 .comment       0x00000000       0x31 build\gcc\obj/ril/src/ril_urc.o
 .comment       0x00000000       0x31 build\gcc\obj/ril/src/ril_util.o
 .comment       0x00000000       0x31 build\gcc\obj/custom/dual_sim/src/diagnostics.o
 .comment       0x00000000       0x31 build\gcc\obj/custom/dual_sim/src/dual_sim.o
 .comment       0x00000000       0x31 build\gcc\obj/custom/dual_sim/src/timer.o
 .comment       0x00000000       0x31 libs/gcc/app_start.lib(memory.o)
 .comment       0x00000000       0x31 libs/gcc/app_start.lib(ql_func.o)
 .comment       0x00000000       0x31 libs/gcc/app_start.lib(ql_main.o)
 .comment       0x00000000       0x31 libs/gcc/app_start.lib(ril_aux.o)
 .comment       0x00000000       0x31 libs/gcc/app_start.lib(ril_main.o)
 .comment       0x00000000       0x31 libs/gcc/app_start.lib(stdlib_func.o)
 .comment       0x00000000       0x31 libs/gcc/app_start.lib(system.o)
 .comment       0x00000000       0x31 libs/gcc/app_start.lib(taskMngt.o)
 .comment       0x00000000       0x31 libs/gcc/app_start.lib(timer.o)
 .comment       0x00000000       0x31 libs/gcc/app_start.lib(uart.o)

.ARM.attributes
                0x00000000       0x2b
 .ARM.attributes
                0x00000000       0x2b build\gcc\obj/custom/config/custom_sys_cfg.o
 .ARM.attributes
                0x0000002b       0x2b build\gcc\obj/custom/config/sys_config.o
 .ARM.attributes
                0x00000056       0x2b build\gcc\obj/ril/src/ril_atResponse.o
 .ARM.attributes
                0x00000081       0x2b build\gcc\obj/ril/src/ril_audio.o
 .ARM.attributes
                0x000000ac       0x2b build\gcc\obj/ril/src/ril_ble.o
 .ARM.attributes
                0x000000d7       0x2b build\gcc\obj/ril/src/ril_bluetooth.o
 .ARM.attributes
                0x00000102       0x2b build\gcc\obj/ril/src/ril_custom.o
 .ARM.attributes
                0x0000012d       0x2b build\gcc\obj/ril/src/Ril_dtmf.o
 .ARM.attributes
                0x00000158       0x2b build\gcc\obj/ril/src/ril_gps.o
 .ARM.attributes
                0x00000183       0x2b build\gcc\obj/ril/src/ril_http.o
 .ARM.attributes
                0x000001ae       0x2b build\gcc\obj/ril/src/ril_init.o
 .ARM.attributes
                0x000001d9       0x2b build\gcc\obj/ril/src/ril_location.o
 .ARM.attributes
                0x00000204       0x2b build\gcc\obj/ril/src/ril_network.o
 .ARM.attributes
                0x0000022f       0x2b build\gcc\obj/ril/src/ril_ntp.o
 .ARM.attributes
                0x0000025a       0x2b build\gcc\obj/ril/src/ril_sim.o
 .ARM.attributes
                0x00000285       0x2b build\gcc\obj/ril/src/ril_telephony.o
 .ARM.attributes
                0x000002b0       0x2b build\gcc\obj/ril/src/ril_urc.o
 .ARM.attributes
                0x000002db       0x2b build\gcc\obj/ril/src/ril_util.o
 .ARM.attributes
                0x00000306       0x2b build\gcc\obj/custom/dual_sim/src/diagnostics.o
 .ARM.attributes
                0x00000331       0x2b build\gcc\obj/custom/dual_sim/src/dual_sim.o
 .ARM.attributes
                0x0000035c       0x2b build\gcc\obj/custom/dual_sim/src/timer.o
 .ARM.attributes
                0x00000387       0x2b libs/gcc/app_start.lib(memory.o)
 .ARM.attributes
                0x000003b2       0x2b libs/gcc/app_start.lib(ql_func.o)
 .ARM.attributes
                0x000003dd       0x2b libs/gcc/app_start.lib(ql_main.o)
 .ARM.attributes
                0x00000408       0x2b libs/gcc/app_start.lib(ril_aux.o)
 .ARM.attributes
                0x00000433       0x2b libs/gcc/app_start.lib(ril_main.o)
 .ARM.attributes
                0x0000045e       0x2b libs/gcc/app_start.lib(stdlib_func.o)
 .ARM.attributes
                0x00000489       0x2b libs/gcc/app_start.lib(system.o)
 .ARM.attributes
                0x000004b4       0x2b libs/gcc/app_start.lib(taskMngt.o)
 .ARM.attributes
                0x000004df       0x2b libs/gcc/app_start.lib(timer.o)
 .ARM.attributes
                0x0000050a       0x2b libs/gcc/app_start.lib(uart.o)
 .ARM.attributes
                0x00000535       0x1d libs/gcc/app_start.lib(ocpu_init.o)
 .ARM.attributes
                0x00000552       0x30 C:\Program Files\CodeSourcery\Sourcery_CodeBench_Lite_for_ARM_EABI/arm-none-eabi/lib/thumb/libc.a(lib_a-memcpy.o)
 .ARM.attributes
                0x00000582       0x30 C:\Program Files\CodeSourcery\Sourcery_CodeBench_Lite_for_ARM_EABI/arm-none-eabi/lib/thumb/libc.a(lib_a-memset.o)
 .ARM.attributes
                0x000005b2       0x18 C:\Program Files\CodeSourcery\Sourcery_CodeBench_Lite_for_ARM_EABI/lib/gcc/arm-none-eabi/4.7.2/thumb/libgcc.a(_udivsi3.o)
 .ARM.attributes
                0x000005ca       0x16 C:\Program Files\CodeSourcery\Sourcery_CodeBench_Lite_for_ARM_EABI/lib/gcc/arm-none-eabi/4.7.2/thumb/libgcc.a(_dvmd_tls.o)
 .ARM.attributes
                0x000005e0       0x18 C:\Program Files\CodeSourcery\Sourcery_CodeBench_Lite_for_ARM_EABI/lib/gcc/arm-none-eabi/4.7.2/thumb/libgcc.a(_arm_fixdfsi.o)
 .ARM.attributes
                0x000005f8       0x18 C:\Program Files\CodeSourcery\Sourcery_CodeBench_Lite_for_ARM_EABI/lib/gcc/arm-none-eabi/4.7.2/thumb/libgcc.a(_arm_truncdfsf2.o)

.debug_frame    0x00000000       0x84
 .debug_frame   0x00000000       0x38 C:\Program Files\CodeSourcery\Sourcery_CodeBench_Lite_for_ARM_EABI/arm-none-eabi/lib/thumb/libc.a(lib_a-memcpy.o)
 .debug_frame   0x00000038       0x2c C:\Program Files\CodeSourcery\Sourcery_CodeBench_Lite_for_ARM_EABI/arm-none-eabi/lib/thumb/libc.a(lib_a-memset.o)
 .debug_frame   0x00000064       0x20 C:\Program Files\CodeSourcery\Sourcery_CodeBench_Lite_for_ARM_EABI/lib/gcc/arm-none-eabi/4.7.2/thumb/libgcc.a(_udivsi3.o)
