Archive member included because of file (symbol)

libs/gcc/app_start.lib(fileSys.o)
                              build\gcc\obj/custom/fota/src/fota_ftp.o (Ql_FS_Open)
libs/gcc/app_start.lib(fota.o)
                              build\gcc\obj/custom/fota/src/fota_main.o (Ql_FOTA_Init)
libs/gcc/app_start.lib(gprs.o)
                              build\gcc\obj/custom/fota/src/fota_main.o (Ql_GPRS_GetPDPContextId)
libs/gcc/app_start.lib(iic.o)
                              build\gcc\obj/custom/iic/src/iic_configuration.o (Ql_IIC_Init)
libs/gcc/app_start.lib(lib_ril_sms.o)
                              build\gcc\obj/ril/src/ril_sms.o (LIB_SMS_IsValidHexStr)
libs/gcc/app_start.lib(memory.o)
                              build\gcc\obj/ril/src/ril_bluetooth.o (Ql_MEM_Alloc)
libs/gcc/app_start.lib(ql_func.o)
                              libs/gcc/app_start.lib(memory.o) (api_notsup)
libs/gcc/app_start.lib(ql_main.o)
                              build\gcc\obj/ril/src/ril_bluetooth.o (Ql_Debug_Trace)
libs/gcc/app_start.lib(ril_aux.o)
                              build\gcc\obj/custom/config/sys_config.o (proc_reserved2)
libs/gcc/app_start.lib(ril_main.o)
                              build\gcc\obj/custom/config/sys_config.o (proc_reserved1)
libs/gcc/app_start.lib(stdlib_func.o)
                              build\gcc\obj/ril/src/Ril_dtmf.o (Ql_atof)
libs/gcc/app_start.lib(system.o)
                              build\gcc\obj/ril/src/ril_ftp.o (Ql_Sleep)
libs/gcc/app_start.lib(taskMngt.o)
                              build\gcc\obj/custom/iic/src/iic_bus_manipulations.o (Ql_OS_GetMessage)
libs/gcc/app_start.lib(timer.o)
                              build\gcc\obj/custom/iic/src/timer.o (Ql_Timer_Register)
libs/gcc/app_start.lib(uart.o)
                              build\gcc\obj/custom/iic/src/iic_bus_manipulations.o (Ql_UART_Register)
libs/gcc/app_start.lib(ocpu_init.o)
                              libs/gcc/app_start.lib(ql_main.o) (_OCPU_InitUserMem)
C:\Program Files\CodeSourcery\Sourcery_CodeBench_Lite_for_ARM_EABI/arm-none-eabi/lib/thumb/libc.a(lib_a-memcpy.o)
                              build\gcc\obj/ril/src/ril_alarm.o (memcpy)
C:\Program Files\CodeSourcery\Sourcery_CodeBench_Lite_for_ARM_EABI/arm-none-eabi/lib/thumb/libc.a(lib_a-memset.o)
                              build\gcc\obj/ril/src/ril_alarm.o (memset)
C:\Program Files\CodeSourcery\Sourcery_CodeBench_Lite_for_ARM_EABI/lib/gcc/arm-none-eabi/4.7.2/thumb/libgcc.a(_udivsi3.o)
                              libs/gcc/app_start.lib(lib_ril_sms.o) (__aeabi_uidiv)
C:\Program Files\CodeSourcery\Sourcery_CodeBench_Lite_for_ARM_EABI/lib/gcc/arm-none-eabi/4.7.2/thumb/libgcc.a(_divsi3.o)
                              libs/gcc/app_start.lib(lib_ril_sms.o) (__aeabi_idiv)
C:\Program Files\CodeSourcery\Sourcery_CodeBench_Lite_for_ARM_EABI/lib/gcc/arm-none-eabi/4.7.2/thumb/libgcc.a(_dvmd_tls.o)
                              C:\Program Files\CodeSourcery\Sourcery_CodeBench_Lite_for_ARM_EABI/lib/gcc/arm-none-eabi/4.7.2/thumb/libgcc.a(_udivsi3.o) (__aeabi_idiv0)
C:\Program Files\CodeSourcery\Sourcery_CodeBench_Lite_for_ARM_EABI/lib/gcc/arm-none-eabi/4.7.2/thumb/libgcc.a(_arm_addsubdf3.o)
                              build\gcc\obj/custom/iic/src/timer.o (__aeabi_i2d)
C:\Program Files\CodeSourcery\Sourcery_CodeBench_Lite_for_ARM_EABI/lib/gcc/arm-none-eabi/4.7.2/thumb/libgcc.a(_arm_muldivdf3.o)
                              build\gcc\obj/custom/iic/src/timer.o (__aeabi_dmul)
C:\Program Files\CodeSourcery\Sourcery_CodeBench_Lite_for_ARM_EABI/lib/gcc/arm-none-eabi/4.7.2/thumb/libgcc.a(_arm_fixdfsi.o)
                              build\gcc\obj/ril/src/Ril_dtmf.o (__aeabi_d2iz)
C:\Program Files\CodeSourcery\Sourcery_CodeBench_Lite_for_ARM_EABI/lib/gcc/arm-none-eabi/4.7.2/thumb/libgcc.a(_arm_truncdfsf2.o)
                              build\gcc\obj/ril/src/ril_location.o (__aeabi_d2f)

Allocating common symbols
Common symbol       size              file

Ql_snprintf         0x4               libs/gcc/app_start.lib(ql_main.o)
Ql_sprintf          0x4               libs/gcc/app_start.lib(ql_main.o)
Ql_Debug_Trace      0x4               libs/gcc/app_start.lib(ql_main.o)
SecureDataStringLen
                    0x4               build\gcc\obj/ril/src/ril_system.o
Ql_vsprintf         0x4               libs/gcc/app_start.lib(ql_main.o)
Ql_sscanf           0x4               libs/gcc/app_start.lib(ql_main.o)
g_comingCall        0x124             build\gcc\obj/ril/src/ril_telephony.o
Fota_gprsCfg        0xb0              build\gcc\obj/custom/fota/src/fota_main.o
FotaConfig          0x10              build\gcc\obj/custom/fota/src/fota_main.o

Discarded input sections

 .text          0x00000000        0x0 build\gcc\obj/custom/config/custom_sys_cfg.o
 .data          0x00000000        0x0 build\gcc\obj/custom/config/custom_sys_cfg.o
 .bss           0x00000000        0x0 build\gcc\obj/custom/config/custom_sys_cfg.o
 .text.Ql_WTD_GetWDIPinCfg
                0x00000000        0xc build\gcc\obj/custom/config/custom_sys_cfg.o
 .text          0x00000000        0x0 build\gcc\obj/custom/config/sys_config.o
 .data          0x00000000        0x0 build\gcc\obj/custom/config/sys_config.o
 .bss           0x00000000        0x0 build\gcc\obj/custom/config/sys_config.o
 .text          0x00000000        0x0 build\gcc\obj/ril/src/ril_alarm.o
 .data          0x00000000        0x0 build\gcc\obj/ril/src/ril_alarm.o
 .bss           0x00000000        0x0 build\gcc\obj/ril/src/ril_alarm.o
 .text.ATResponse_QALARM_Handler
                0x00000000      0x2fc build\gcc\obj/ril/src/ril_alarm.o
 .text.RIL_Alarm_Create
                0x00000000      0x10c build\gcc\obj/ril/src/ril_alarm.o
 .text.RIL_Alarm_Query
                0x00000000       0x78 build\gcc\obj/ril/src/ril_alarm.o
 .text.RIL_Alarm_Remove
                0x00000000      0x10c build\gcc\obj/ril/src/ril_alarm.o
 .rodata        0x00000000       0x4c build\gcc\obj/ril/src/ril_alarm.o
 .rodata.str1.1
                0x00000000       0x7f build\gcc\obj/ril/src/ril_alarm.o
 .comment       0x00000000       0x31 build\gcc\obj/ril/src/ril_alarm.o
 .ARM.attributes
                0x00000000       0x2b build\gcc\obj/ril/src/ril_alarm.o
 .text          0x00000000        0x0 build\gcc\obj/ril/src/ril_atResponse.o
 .data          0x00000000        0x0 build\gcc\obj/ril/src/ril_atResponse.o
 .text.Ql_RIL_AT_GetErrCode
                0x00000000       0x10 build\gcc\obj/ril/src/ril_atResponse.o
 .text          0x00000000        0x0 build\gcc\obj/ril/src/ril_audio.o
 .data          0x00000000        0x1 build\gcc\obj/ril/src/ril_audio.o
 .text.ATResponse_AUD_handler
                0x00000000      0x2cc build\gcc\obj/ril/src/ril_audio.o
 .text.RIL_AUD_GetChannel
                0x00000000       0x80 build\gcc\obj/ril/src/ril_audio.o
 .text.RIL_AUD_SetChannel
                0x00000000       0x7c build\gcc\obj/ril/src/ril_audio.o
 .text.RIL_AUD_SetVolume
                0x00000000       0xf4 build\gcc\obj/ril/src/ril_audio.o
 .text.RIL_AUD_GetVolume
                0x00000000       0xf0 build\gcc\obj/ril/src/ril_audio.o
 .text.RIL_AUD_PlayFile
                0x00000000       0xe0 build\gcc\obj/ril/src/ril_audio.o
 .text.RIL_AUD_StopPlay
                0x00000000       0x78 build\gcc\obj/ril/src/ril_audio.o
 .text.RIL_AUD_StartRecord
                0x00000000       0xd8 build\gcc\obj/ril/src/ril_audio.o
 .text.RIL_AUD_StopRecord
                0x00000000       0x78 build\gcc\obj/ril/src/ril_audio.o
 .text.RIL_AUD_PlayMem
                0x00000000       0x94 build\gcc\obj/ril/src/ril_audio.o
 .text.RIL_AUD_StopPlayMem
                0x00000000       0x78 build\gcc\obj/ril/src/ril_audio.o
 .text.RIL_AUD_PlayMemBg
                0x00000000       0x8c build\gcc\obj/ril/src/ril_audio.o
 .text.RIL_AUD_StopPlayMemBg
                0x00000000       0x68 build\gcc\obj/ril/src/ril_audio.o
 .text.RIL_AUD_GetRecordState
                0x00000000       0x90 build\gcc\obj/ril/src/ril_audio.o
 .text.RIL_AUD_RegisterPlayCB
                0x00000000       0x1c build\gcc\obj/ril/src/ril_audio.o
 .rodata.str1.1
                0x00000000      0x165 build\gcc\obj/ril/src/ril_audio.o
 .text          0x00000000        0x0 build\gcc\obj/ril/src/ril_ble.o
 .data          0x00000000        0x0 build\gcc\obj/ril/src/ril_ble.o
 .text.ATRsp_QBTGatss_Hdlr
                0x00000000      0x100 build\gcc\obj/ril/src/ril_ble.o
 .text.ATRsp_QBTLEADDR_Hdlr
                0x00000000       0xa8 build\gcc\obj/ril/src/ril_ble.o
 .text.ATRsp_QGatSetadv_Hdlr
                0x00000000       0xe8 build\gcc\obj/ril/src/ril_ble.o
 .text.ATRsp_QBTGatsl_Hdlr
                0x00000000       0xb8 build\gcc\obj/ril/src/ril_ble.o
 .text.ATRsp_QBTGatsrsp_Hdlr
                0x00000000       0xb8 build\gcc\obj/ril/src/ril_ble.o
 .text.ATRsp_QBTGatsind_Hdlr
                0x00000000       0xb8 build\gcc\obj/ril/src/ril_ble.o
 .text.ATRsp_QBTGatsst_Hdlr
                0x00000000       0xb8 build\gcc\obj/ril/src/ril_ble.o
 .text.ATRsp_QBTGatsd_Hdlr
                0x00000000       0xfc build\gcc\obj/ril/src/ril_ble.o
 .text.ATRsp_QBTGatsc_Hdlr
                0x00000000       0xec build\gcc\obj/ril/src/ril_ble.o
 .text.ATRsp_QBTGatsreg_Hdlr
                0x00000000       0xb8 build\gcc\obj/ril/src/ril_ble.o
 .text.RIL_BLE_Initialize
                0x00000000       0x1c build\gcc\obj/ril/src/ril_ble.o
 .text.RIL_BT_Gatsreg
                0x00000000       0xa8 build\gcc\obj/ril/src/ril_ble.o
 .text.RIL_BT_Gatss
                0x00000000      0x184 build\gcc\obj/ril/src/ril_ble.o
 .text.RIL_BT_Gatsc
                0x00000000      0x114 build\gcc\obj/ril/src/ril_ble.o
 .text.RIL_BT_Gatsd
                0x00000000      0x130 build\gcc\obj/ril/src/ril_ble.o
 .text.RIL_BT_Gatsst
                0x00000000      0x160 build\gcc\obj/ril/src/ril_ble.o
 .text.RIL_BT_Gatsind
                0x00000000       0xe8 build\gcc\obj/ril/src/ril_ble.o
 .text.RIL_BT_Gatsrsp
                0x00000000       0xb8 build\gcc\obj/ril/src/ril_ble.o
 .text.RIL_BT_Gatsl
                0x00000000       0xa8 build\gcc\obj/ril/src/ril_ble.o
 .text.RIL_BT_SetLeTxPwr
                0x00000000       0x94 build\gcc\obj/ril/src/ril_ble.o
 .text.RIL_BT_QBTFMPsreg
                0x00000000       0x8c build\gcc\obj/ril/src/ril_ble.o
 .text.RIL_BT_QBTPXPsreg
                0x00000000       0x8c build\gcc\obj/ril/src/ril_ble.o
 .text.RIL_BT_QBTGatadv
                0x00000000       0x84 build\gcc\obj/ril/src/ril_ble.o
 .text.RIL_BT_QGatSetadv
                0x00000000       0xac build\gcc\obj/ril/src/ril_ble.o
 .text.RIL_BT_QGatadvData
                0x00000000       0x84 build\gcc\obj/ril/src/ril_ble.o
 .text.RIL_BT_QGatScanRsp
                0x00000000       0x84 build\gcc\obj/ril/src/ril_ble.o
 .text.RIL_BT_Gatcpu
                0x00000000       0x98 build\gcc\obj/ril/src/ril_ble.o
 .text.RIL_BT_QGatsdisc
                0x00000000       0x7c build\gcc\obj/ril/src/ril_ble.o
 .text.RIL_BT_GetLeLocalAddr
                0x00000000       0xf4 build\gcc\obj/ril/src/ril_ble.o
 .rodata        0x00000000        0xf build\gcc\obj/ril/src/ril_ble.o
 .text          0x00000000        0x0 build\gcc\obj/ril/src/ril_bluetooth.o
 .text.AtRsp_QBTCONND_Hdlr
                0x00000000       0x24 build\gcc\obj/ril/src/ril_bluetooth.o
 .text.BT_DevMngmt_Clean
                0x00000000       0x40 build\gcc\obj/ril/src/ril_bluetooth.o
 .text.ATRsp_QBTSPPREAD_Hdlr
                0x00000000      0x144 build\gcc\obj/ril/src/ril_bluetooth.o
 .text.ATRsp_QBTGPROF_Hdlr
                0x00000000       0xdc build\gcc\obj/ril/src/ril_bluetooth.o
 .text.ATRsp_QBTVISB_Hdlr
                0x00000000       0xbc build\gcc\obj/ril/src/ril_bluetooth.o
 .text.ATRsp_QBTADDR_Hdlr
                0x00000000       0xbc build\gcc\obj/ril/src/ril_bluetooth.o
 .text.ATRsp_QBTNAME_Hdlr
                0x00000000       0xbc build\gcc\obj/ril/src/ril_bluetooth.o
 .text.ATRsp_QBTPWR_Hdlr
                0x00000000       0xbc build\gcc\obj/ril/src/ril_bluetooth.o
 .text.ATRsp_QBTSPPSEND_Hdlr
                0x00000000       0xd0 build\gcc\obj/ril/src/ril_bluetooth.o
 .text.BT_DevMngmt_GetDeviceId
                0x00000000       0x38 build\gcc\obj/ril/src/ril_bluetooth.o
 .text.BT_DevMngmt_GetPairedId
                0x00000000       0x38 build\gcc\obj/ril/src/ril_bluetooth.o
 .text.BT_DevMngmt_GetConnId
                0x00000000       0x38 build\gcc\obj/ril/src/ril_bluetooth.o
 .text.BT_DevMngmt_GetProfileId
                0x00000000       0x38 build\gcc\obj/ril/src/ril_bluetooth.o
 .text.BT_DevMngmt_GetDevName
                0x00000000       0x38 build\gcc\obj/ril/src/ril_bluetooth.o
 .text.BT_DevMngmt_GetDevAddr
                0x00000000       0x38 build\gcc\obj/ril/src/ril_bluetooth.o
 .text.RIL_BT_Switch
                0x00000000       0x8c build\gcc\obj/ril/src/ril_bluetooth.o
 .text.RIL_BT_GetPwrState
                0x00000000       0x78 build\gcc\obj/ril/src/ril_bluetooth.o
 .text.RIL_BT_SetName
                0x00000000       0x9c build\gcc\obj/ril/src/ril_bluetooth.o
 .text.RIL_BT_GetName
                0x00000000      0x104 build\gcc\obj/ril/src/ril_bluetooth.o
 .text.RIL_BT_GetLocalAddr
                0x00000000       0xf4 build\gcc\obj/ril/src/ril_bluetooth.o
 .text.RIL_BT_SetVisble
                0x00000000       0xb8 build\gcc\obj/ril/src/ril_bluetooth.o
 .text.RIL_BT_GetVisble
                0x00000000       0x78 build\gcc\obj/ril/src/ril_bluetooth.o
 .text.RIL_BT_GetDevListInfo
                0x00000000       0x78 build\gcc\obj/ril/src/ril_bluetooth.o
 .text.RIL_BT_GetDevListPointer
                0x00000000        0xc build\gcc\obj/ril/src/ril_bluetooth.o
 .text.RIL_BT_StopScan
                0x00000000       0x58 build\gcc\obj/ril/src/ril_bluetooth.o
 .text.RIL_BT_StartScan
                0x00000000       0xd0 build\gcc\obj/ril/src/ril_bluetooth.o
 .text.RIL_BT_Initialize
                0x00000000       0x44 build\gcc\obj/ril/src/ril_bluetooth.o
 .text.RIL_BT_PairReq
                0x00000000       0x78 build\gcc\obj/ril/src/ril_bluetooth.o
 .text.RIL_BT_PairConfirm
                0x00000000       0xb8 build\gcc\obj/ril/src/ril_bluetooth.o
 .text.RIL_BT_Unpair
                0x00000000       0xe0 build\gcc\obj/ril/src/ril_bluetooth.o
 .text.RIL_BT_GetSupportedProfile
                0x00000000      0x114 build\gcc\obj/ril/src/ril_bluetooth.o
 .text.RIL_BT_ConnReq
                0x00000000       0xa4 build\gcc\obj/ril/src/ril_bluetooth.o
 .text.RIL_BT_SPP_DirectConn
                0x00000000       0x84 build\gcc\obj/ril/src/ril_bluetooth.o
 .text.RIL_BT_ConnAccept
                0x00000000       0x84 build\gcc\obj/ril/src/ril_bluetooth.o
 .text.RIL_BT_Disconnect
                0x00000000       0x7c build\gcc\obj/ril/src/ril_bluetooth.o
 .text.RIL_BT_SPP_Send
                0x00000000       0xa8 build\gcc\obj/ril/src/ril_bluetooth.o
 .text.RIL_BT_SPP_Read
                0x00000000       0xac build\gcc\obj/ril/src/ril_bluetooth.o
 .text          0x00000000        0x0 build\gcc\obj/ril/src/ril_custom.o
 .data          0x00000000        0x0 build\gcc\obj/ril/src/ril_custom.o
 .text          0x00000000        0x0 build\gcc\obj/ril/src/Ril_dtmf.o
 .data          0x00000000        0x0 build\gcc\obj/ril/src/Ril_dtmf.o
 .text.ATResponse_Handler
                0x00000000       0xfc build\gcc\obj/ril/src/Ril_dtmf.o
 .text.RIL_ToneDet_Open
                0x00000000       0x84 build\gcc\obj/ril/src/Ril_dtmf.o
 .text.RIL_ToneDet_Close
                0x00000000       0x78 build\gcc\obj/ril/src/Ril_dtmf.o
 .text.RIL_ToneDet_Set
                0x00000000       0xa8 build\gcc\obj/ril/src/Ril_dtmf.o
 .text.RIL_ToneDet_Get
                0x00000000       0xb8 build\gcc\obj/ril/src/Ril_dtmf.o
 .text.RIL_WDTMF_Send
                0x00000000       0xbc build\gcc\obj/ril/src/Ril_dtmf.o
 .text          0x00000000        0x0 build\gcc\obj/ril/src/ril_ftp.o
 .data          0x00000000        0x0 build\gcc\obj/ril/src/ril_ftp.o
 .bss           0x00000000        0x0 build\gcc\obj/ril/src/ril_ftp.o
 .text.ATResponse_QFTPSTAT_handler
                0x00000000      0x194 build\gcc\obj/ril/src/ril_ftp.o
 .text.ATResponse_FTP_handler_Common
                0x00000000      0x140 build\gcc\obj/ril/src/ril_ftp.o
 .text.ATResponse_QFTPLEN_handler
                0x00000000      0x144 build\gcc\obj/ril/src/ril_ftp.o
 .text.Callback_QIDEACT
                0x00000000       0x54 build\gcc\obj/ril/src/ril_ftp.o
 .text.RIL_FTP_QFTPOPEN
                0x00000000      0x2f0 build\gcc\obj/ril/src/ril_ftp.o
 .text.RIL_FTP_QFTPCLOSE
                0x00000000       0xa8 build\gcc\obj/ril/src/ril_ftp.o
 .text.RIL_FTP_QFTPPUT
                0x00000000       0xc8 build\gcc\obj/ril/src/ril_ftp.o
 .text.RIL_FTP_QFTPGET
                0x00000000       0xbc build\gcc\obj/ril/src/ril_ftp.o
 .text.RIL_FTP_QFTPPATH
                0x00000000       0xb8 build\gcc\obj/ril/src/ril_ftp.o
 .text.RIL_FTP_QFTPCFG
                0x00000000       0xc0 build\gcc\obj/ril/src/ril_ftp.o
 .text.RIL_FTP_QFTPSTAT
                0x00000000       0x90 build\gcc\obj/ril/src/ril_ftp.o
 .text.RIL_FTP_QFTPLEN
                0x00000000       0x90 build\gcc\obj/ril/src/ril_ftp.o
 .text.RIL_FTP_QFTPRENAME
                0x00000000       0xc0 build\gcc\obj/ril/src/ril_ftp.o
 .text.RIL_FTP_QFTPSIZE
                0x00000000       0xb4 build\gcc\obj/ril/src/ril_ftp.o
 .text.RIL_FTP_QFTPDELETE
                0x00000000       0xb8 build\gcc\obj/ril/src/ril_ftp.o
 .text.RIL_FTP_QFTPMKDIR
                0x00000000       0xb8 build\gcc\obj/ril/src/ril_ftp.o
 .text.RIL_FTP_QFTPRMDIR
                0x00000000       0xb8 build\gcc\obj/ril/src/ril_ftp.o
 .text.RIL_FTP_QIDEACT
                0x00000000       0x30 build\gcc\obj/ril/src/ril_ftp.o
 .rodata.str1.1
                0x00000000      0x28b build\gcc\obj/ril/src/ril_ftp.o
 .comment       0x00000000       0x31 build\gcc\obj/ril/src/ril_ftp.o
 .ARM.attributes
                0x00000000       0x2b build\gcc\obj/ril/src/ril_ftp.o
 .text          0x00000000        0x0 build\gcc\obj/ril/src/ril_gps.o
 .data          0x00000000        0x0 build\gcc\obj/ril/src/ril_gps.o
 .text.ATResponse_GPSReadTS_Hdlr
                0x00000000      0x128 build\gcc\obj/ril/src/ril_gps.o
 .text.ATResponse_QGNSSC_Handler
                0x00000000       0xc4 build\gcc\obj/ril/src/ril_gps.o
 .text.ATResponse_GPSRead_Hdlr
                0x00000000      0x3c8 build\gcc\obj/ril/src/ril_gps.o
 .text.RIL_GPS_Open
                0x00000000       0xb4 build\gcc\obj/ril/src/ril_gps.o
 .text.RIL_GPS_SetRefLoc
                0x00000000       0xb8 build\gcc\obj/ril/src/ril_gps.o
 .text.RIL_GPS_GetPowerState
                0x00000000       0x78 build\gcc\obj/ril/src/ril_gps.o
 .text.RIL_GPS_Read
                0x00000000      0x12c build\gcc\obj/ril/src/ril_gps.o
 .text.RIL_GPS_Read_TimeSync_Status
                0x00000000       0xb4 build\gcc\obj/ril/src/ril_gps.o
 .text.RIL_GPS_CMD_Send
                0x00000000       0xb0 build\gcc\obj/ril/src/ril_gps.o
 .text.RIL_GPS_EPO_Enable
                0x00000000       0x98 build\gcc\obj/ril/src/ril_gps.o
 .text.RIL_GPS_EPO_Aid
                0x00000000       0x84 build\gcc\obj/ril/src/ril_gps.o
 .text.RIL_GPS_EPO_Config_APN
                0x00000000       0xe8 build\gcc\obj/ril/src/ril_gps.o
 .rodata.str1.1
                0x00000000      0x14c build\gcc\obj/ril/src/ril_gps.o
 .text          0x00000000        0x0 build\gcc\obj/ril/src/ril_http.o
 .data          0x00000000        0x0 build\gcc\obj/ril/src/ril_http.o
 .text.ATRsp_QHTTP_Handler
                0x00000000      0x118 build\gcc\obj/ril/src/ril_http.o
 .text.RIL_HTTP_SetServerURL
                0x00000000       0xb0 build\gcc\obj/ril/src/ril_http.o
 .text.RIL_HTTP_RequestToGet
                0x00000000       0x94 build\gcc\obj/ril/src/ril_http.o
 .text.RIL_HTTP_RequestToPost
                0x00000000       0xac build\gcc\obj/ril/src/ril_http.o
 .text.RIL_HTTP_ReadResponse
                0x00000000       0xb0 build\gcc\obj/ril/src/ril_http.o
 .text.RIL_HTTP_DownloadFile
                0x00000000       0xa4 build\gcc\obj/ril/src/ril_http.o
 .rodata        0x00000000       0x61 build\gcc\obj/ril/src/ril_http.o
 .rodata.str1.1
                0x00000000       0x2e build\gcc\obj/ril/src/ril_http.o
 .text          0x00000000        0x0 build\gcc\obj/ril/src/ril_init.o
 .bss           0x00000000        0x0 build\gcc\obj/ril/src/ril_init.o
 .text          0x00000000        0x0 build\gcc\obj/ril/src/ril_location.o
 .data          0x00000000        0x0 build\gcc\obj/ril/src/ril_location.o
 .text.ATResponse_GetLocation_Ex_Handler
                0x00000000      0x130 build\gcc\obj/ril/src/ril_location.o
 .text.RIL_GetLocation
                0x00000000       0xd4 build\gcc\obj/ril/src/ril_location.o
 .text.RIL_GetLocation_Ex
                0x00000000       0xe8 build\gcc\obj/ril/src/ril_location.o
 .text.RIL_GetLocationByCell
                0x00000000       0xf4 build\gcc\obj/ril/src/ril_location.o
 .text          0x00000000        0x0 build\gcc\obj/ril/src/ril_network.o
 .data          0x00000000        0x0 build\gcc\obj/ril/src/ril_network.o
 .bss           0x00000000        0x0 build\gcc\obj/ril/src/ril_network.o
 .text.ATRsp_COPS_Handler
                0x00000000      0x120 build\gcc\obj/ril/src/ril_network.o
 .text.ATRsp_QIDEACT_Hdlr
                0x00000000       0x54 build\gcc\obj/ril/src/ril_network.o
 .text.ATResponse_CSQ_Handler
                0x00000000       0xc8 build\gcc\obj/ril/src/ril_network.o
 .text.ATResponse_CGREG_Handler
                0x00000000       0xcc build\gcc\obj/ril/src/ril_network.o
 .text.ATResponse_CREG_Handler
                0x00000000       0xcc build\gcc\obj/ril/src/ril_network.o
 .text.RIL_NW_GetGSMState
                0x00000000       0x78 build\gcc\obj/ril/src/ril_network.o
 .text.RIL_NW_GetGPRSState
                0x00000000       0x78 build\gcc\obj/ril/src/ril_network.o
 .text.RIL_NW_GetSignalQuality
                0x00000000       0x98 build\gcc\obj/ril/src/ril_network.o
 .text.RIL_NW_SetGPRSContext
                0x00000000       0x7c build\gcc\obj/ril/src/ril_network.o
 .text.RIL_NW_SetAPN
                0x00000000      0x10c build\gcc\obj/ril/src/ril_network.o
 .text.RIL_NW_GetIpStatusByName
                0x00000000      0x198 build\gcc\obj/ril/src/ril_network.o
 .text.ATResponse_IPStatus_Handler
                0x00000000      0x114 build\gcc\obj/ril/src/ril_network.o
 .text.RIL_NW_GetIPStatus
                0x00000000       0x44 build\gcc\obj/ril/src/ril_network.o
 .text.RIL_NW_OpenPDPContext
                0x00000000       0xb0 build\gcc\obj/ril/src/ril_network.o
 .text.RIL_NW_ClosePDPContext
                0x00000000       0x70 build\gcc\obj/ril/src/ril_network.o
 .text.RIL_NW_GetOperator
                0x00000000       0x78 build\gcc\obj/ril/src/ril_network.o
 .rodata        0x00000000       0x5d build\gcc\obj/ril/src/ril_network.o
 .rodata.str1.1
                0x00000000      0x112 build\gcc\obj/ril/src/ril_network.o
 .comment       0x00000000       0x31 build\gcc\obj/ril/src/ril_network.o
 .ARM.attributes
                0x00000000       0x2b build\gcc\obj/ril/src/ril_network.o
 .text          0x00000000        0x0 build\gcc\obj/ril/src/ril_ntp.o
 .data          0x00000000        0x0 build\gcc\obj/ril/src/ril_ntp.o
 .text.RIL_NTP_START
                0x00000000       0x9c build\gcc\obj/ril/src/ril_ntp.o
 .rodata.str1.1
                0x00000000       0x12 build\gcc\obj/ril/src/ril_ntp.o
 .text          0x00000000        0x0 build\gcc\obj/ril/src/ril_sim.o
 .data          0x00000000        0x0 build\gcc\obj/ril/src/ril_sim.o
 .bss           0x00000000        0x0 build\gcc\obj/ril/src/ril_sim.o
 .text.ATRsp_CCID_Handler
                0x00000000       0xc4 build\gcc\obj/ril/src/ril_sim.o
 .text.ATRsp_IMSI_Handler
                0x00000000       0x9c build\gcc\obj/ril/src/ril_sim.o
 .text.ATResponse_CPIN_Handler
                0x00000000      0x180 build\gcc\obj/ril/src/ril_sim.o
 .text.RIL_SIM_GetSimState
                0x00000000       0x78 build\gcc\obj/ril/src/ril_sim.o
 .text.RIL_SIM_GetIMSI
                0x00000000       0x78 build\gcc\obj/ril/src/ril_sim.o
 .text.RIL_SIM_GetCCID
                0x00000000       0x78 build\gcc\obj/ril/src/ril_sim.o
 .rodata        0x00000000       0x25 build\gcc\obj/ril/src/ril_sim.o
 .text          0x00000000        0x0 build\gcc\obj/ril/src/ril_sms.o
 .data          0x00000000        0x0 build\gcc\obj/ril/src/ril_sms.o
 .bss           0x00000000        0x1 build\gcc\obj/ril/src/ril_sms.o
 .text.CmdGetStorageInfo
                0x00000000       0xe4 build\gcc\obj/ril/src/ril_sms.o
 .text.SMS_CMD_GeneralHandler
                0x00000000      0x4f8 build\gcc\obj/ril/src/ril_sms.o
 .text.CmdSendPDUMsg
                0x00000000      0x180 build\gcc\obj/ril/src/ril_sms.o
 .text.CmdReadPDUMsg
                0x00000000      0x130 build\gcc\obj/ril/src/ril_sms.o
 .text.ConvStringToPhoneNumber
                0x00000000       0xf0 build\gcc\obj/ril/src/ril_sms.o
 .text.ConvPhoneNumberToString.constprop.4
                0x00000000       0xc4 build\gcc\obj/ril/src/ril_sms.o
 .text.RIL_SMS_GetStorage
                0x00000000       0x14 build\gcc\obj/ril/src/ril_sms.o
 .text.RIL_SMS_SetStorage
                0x00000000      0x10c build\gcc\obj/ril/src/ril_sms.o
 .text.RIL_SMS_ReadSMS_PDU
                0x00000000       0xe0 build\gcc\obj/ril/src/ril_sms.o
 .text.RIL_SMS_ReadSMS_Text
                0x00000000      0x360 build\gcc\obj/ril/src/ril_sms.o
 .text.RIL_SMS_SendSMS_PDU
                0x00000000       0xb8 build\gcc\obj/ril/src/ril_sms.o
 .text.RIL_SMS_SendSMS_Text
                0x00000000      0x290 build\gcc\obj/ril/src/ril_sms.o
 .text.RIL_SMS_SendSMS_Text_Ext
                0x00000000      0x31c build\gcc\obj/ril/src/ril_sms.o
 .text.RIL_SMS_DeleteSMS
                0x00000000      0x114 build\gcc\obj/ril/src/ril_sms.o
 .rodata.str1.1
                0x00000000       0xcb build\gcc\obj/ril/src/ril_sms.o
 .comment       0x00000000       0x31 build\gcc\obj/ril/src/ril_sms.o
 .ARM.attributes
                0x00000000       0x2b build\gcc\obj/ril/src/ril_sms.o
 .text          0x00000000        0x0 build\gcc\obj/ril/src/ril_system.o
 .data          0x00000000        0x0 build\gcc\obj/ril/src/ril_system.o
 .bss           0x00000000        0x1 build\gcc\obj/ril/src/ril_system.o
 .text.SecureData_Read_Callback
                0x00000000      0x12c build\gcc\obj/ril/src/ril_system.o
 .text.Power_ATResponse_Hanlder
                0x00000000      0x18c build\gcc\obj/ril/src/ril_system.o
 .text.SYS_ATResponse_Hanlder
                0x00000000      0x128 build\gcc\obj/ril/src/ril_system.o
 .text.ATRsp_IMEI_Handler
                0x00000000       0x9c build\gcc\obj/ril/src/ril_system.o
 .text.RIL_QuerySysInitStatus
                0x00000000       0x34 build\gcc\obj/ril/src/ril_system.o
 .text.RIL_GetPowerSupply
                0x00000000       0x58 build\gcc\obj/ril/src/ril_system.o
 .text.Ql_SecureData_Store
                0x00000000      0x158 build\gcc\obj/ril/src/ril_system.o
 .text.Ql_SecureData_Read
                0x00000000      0x218 build\gcc\obj/ril/src/ril_system.o
 .text.RIL_GetIMEI
                0x00000000       0x74 build\gcc\obj/ril/src/ril_system.o
 .rodata        0x00000000        0x8 build\gcc\obj/ril/src/ril_system.o
 .rodata.str1.1
                0x00000000       0x79 build\gcc\obj/ril/src/ril_system.o
 .comment       0x00000000       0x31 build\gcc\obj/ril/src/ril_system.o
 .ARM.attributes
                0x00000000       0x2b build\gcc\obj/ril/src/ril_system.o
 COMMON         0x00000000        0x4 build\gcc\obj/ril/src/ril_system.o
 .text          0x00000000        0x0 build\gcc\obj/ril/src/ril_telephony.o
 .data          0x00000000        0x0 build\gcc\obj/ril/src/ril_telephony.o
 .bss           0x00000000        0x0 build\gcc\obj/ril/src/ril_telephony.o
 .text.Telephony_Answer_AT_handler
                0x00000000       0xb0 build\gcc\obj/ril/src/ril_telephony.o
 .text.Telephony_Dial_AT_handler
                0x00000000       0xf0 build\gcc\obj/ril/src/ril_telephony.o
 .text.RIL_Telephony_Dial
                0x00000000       0x94 build\gcc\obj/ril/src/ril_telephony.o
 .text.RIL_Telephony_Answer
                0x00000000       0x34 build\gcc\obj/ril/src/ril_telephony.o
 .text.RIL_Telephony_Hangup
                0x00000000       0x2c build\gcc\obj/ril/src/ril_telephony.o
 .rodata.str1.1
                0x00000000       0x40 build\gcc\obj/ril/src/ril_telephony.o
 .text          0x00000000        0x0 build\gcc\obj/ril/src/ril_urc.o
 .data          0x00000000        0x0 build\gcc\obj/ril/src/ril_urc.o
 .text          0x00000000        0x0 build\gcc\obj/ril/src/ril_util.o
 .data          0x00000000        0x0 build\gcc\obj/ril/src/ril_util.o
 .bss           0x00000000        0x0 build\gcc\obj/ril/src/ril_util.o
 .text.Ql_HexStrToInt
                0x00000000       0x8c build\gcc\obj/ril/src/ril_util.o
 .text          0x00000000        0x0 build\gcc\obj/custom/main.o
 .data          0x00000000        0x0 build\gcc\obj/custom/main.o
 .bss           0x00000000        0x0 build\gcc\obj/custom/main.o
 .comment       0x00000000       0x31 build\gcc\obj/custom/main.o
 .ARM.attributes
                0x00000000       0x2b build\gcc\obj/custom/main.o
 .text          0x00000000        0x0 build\gcc\obj/custom/fota/src/fota_ftp.o
 .data          0x00000000        0x0 build\gcc\obj/custom/fota/src/fota_ftp.o
 .bss           0x00000000       0xb0 build\gcc\obj/custom/fota/src/fota_ftp.o
 .text.FTP_Callback_OnDownload
                0x00000000      0x578 build\gcc\obj/custom/fota/src/fota_ftp.o
 .text.FTP_FotaMain
                0x00000000      0x96c build\gcc\obj/custom/fota/src/fota_ftp.o
 .text.FTP_IsFtpServer
                0x00000000       0x50 build\gcc\obj/custom/fota/src/fota_ftp.o
 .rodata.str1.1
                0x00000000      0x6a8 build\gcc\obj/custom/fota/src/fota_ftp.o
 .comment       0x00000000       0x31 build\gcc\obj/custom/fota/src/fota_ftp.o
 .ARM.attributes
                0x00000000       0x2b build\gcc\obj/custom/fota/src/fota_ftp.o
 .text          0x00000000        0x0 build\gcc\obj/custom/fota/src/fota_http.o
 .data          0x00000000        0x0 build\gcc\obj/custom/fota/src/fota_http.o
 .bss           0x00000000        0x0 build\gcc\obj/custom/fota/src/fota_http.o
 .comment       0x00000000       0x31 build\gcc\obj/custom/fota/src/fota_http.o
 .ARM.attributes
                0x00000000       0x2b build\gcc\obj/custom/fota/src/fota_http.o
 .text          0x00000000        0x0 build\gcc\obj/custom/fota/src/fota_http_code.o
 .data          0x00000000        0x0 build\gcc\obj/custom/fota/src/fota_http_code.o
 .bss           0x00000000        0x0 build\gcc\obj/custom/fota/src/fota_http_code.o
 .comment       0x00000000       0x31 build\gcc\obj/custom/fota/src/fota_http_code.o
 .ARM.attributes
                0x00000000       0x2b build\gcc\obj/custom/fota/src/fota_http_code.o
 .text          0x00000000        0x0 build\gcc\obj/custom/fota/src/fota_main.o
 .data          0x00000000       0x65 build\gcc\obj/custom/fota/src/fota_main.o
 .bss           0x00000000       0x44 build\gcc\obj/custom/fota/src/fota_main.o
 .text.Fota_Upgrade_States
                0x00000000      0x16c build\gcc\obj/custom/fota/src/fota_main.o
 .text.Ql_FOTA_StartUpgrade
                0x00000000      0x198 build\gcc\obj/custom/fota/src/fota_main.o
 .text.Ql_FOTA_StopUpgrade
                0x00000000        0x8 build\gcc\obj/custom/fota/src/fota_main.o
 .rodata.str1.1
                0x00000000      0x1ea build\gcc\obj/custom/fota/src/fota_main.o
 .comment       0x00000000       0x31 build\gcc\obj/custom/fota/src/fota_main.o
 .ARM.attributes
                0x00000000       0x2b build\gcc\obj/custom/fota/src/fota_main.o
 COMMON         0x00000000       0xc0 build\gcc\obj/custom/fota/src/fota_main.o
 .text          0x00000000        0x0 build\gcc\obj/custom/iic/src/iic_bus_manipulations.o
 .data          0x00000000        0x0 build\gcc\obj/custom/iic/src/iic_bus_manipulations.o
 .text          0x00000000        0x0 build\gcc\obj/custom/iic/src/iic_configuration.o
 .data          0x00000000        0x0 build\gcc\obj/custom/iic/src/iic_configuration.o
 .text          0x00000000        0x0 build\gcc\obj/custom/iic/src/timer.o
 .data          0x00000000        0x0 build\gcc\obj/custom/iic/src/timer.o
 .text          0x00000000        0x0 libs/gcc/app_start.lib(fileSys.o)
 .data          0x00000000        0x0 libs/gcc/app_start.lib(fileSys.o)
 .bss           0x00000000       0x60 libs/gcc/app_start.lib(fileSys.o)
 .text.Ql_FS_Open
                0x00000000       0x68 libs/gcc/app_start.lib(fileSys.o)
 .text.Ql_FS_OpenRAMFile
                0x00000000       0x70 libs/gcc/app_start.lib(fileSys.o)
 .text.Ql_FS_Read
                0x00000000       0x78 libs/gcc/app_start.lib(fileSys.o)
 .text.Ql_FS_Write
                0x00000000       0x78 libs/gcc/app_start.lib(fileSys.o)
 .text.Ql_FS_Seek
                0x00000000       0x70 libs/gcc/app_start.lib(fileSys.o)
 .text.Ql_FS_GetFilePosition
                0x00000000       0x60 libs/gcc/app_start.lib(fileSys.o)
 .text.Ql_FS_Truncate
                0x00000000       0x60 libs/gcc/app_start.lib(fileSys.o)
 .text.Ql_FS_Flush
                0x00000000       0x54 libs/gcc/app_start.lib(fileSys.o)
 .text.Ql_FS_Close
                0x00000000       0x54 libs/gcc/app_start.lib(fileSys.o)
 .text.Ql_FS_GetSize
                0x00000000       0x60 libs/gcc/app_start.lib(fileSys.o)
 .text.Ql_FS_Delete
                0x00000000       0x60 libs/gcc/app_start.lib(fileSys.o)
 .text.Ql_FS_Check
                0x00000000       0x60 libs/gcc/app_start.lib(fileSys.o)
 .text.Ql_FS_Rename
                0x00000000       0x68 libs/gcc/app_start.lib(fileSys.o)
 .text.Ql_FS_CreateDir
                0x00000000       0x60 libs/gcc/app_start.lib(fileSys.o)
 .text.Ql_FS_DeleteDir
                0x00000000       0x60 libs/gcc/app_start.lib(fileSys.o)
 .text.Ql_FS_CheckDir
                0x00000000       0x60 libs/gcc/app_start.lib(fileSys.o)
 .text.Ql_FS_FindFirst
                0x00000000       0x80 libs/gcc/app_start.lib(fileSys.o)
 .text.Ql_FS_FindNext
                0x00000000       0x80 libs/gcc/app_start.lib(fileSys.o)
 .text.Ql_FS_FindClose
                0x00000000       0x54 libs/gcc/app_start.lib(fileSys.o)
 .text.Ql_FS_XDelete
                0x00000000       0x68 libs/gcc/app_start.lib(fileSys.o)
 .text.Ql_FS_XMove
                0x00000000       0x70 libs/gcc/app_start.lib(fileSys.o)
 .text.Ql_FS_GetFreeSpace
                0x00000000       0x74 libs/gcc/app_start.lib(fileSys.o)
 .text.Ql_FS_GetTotalSpace
                0x00000000       0x74 libs/gcc/app_start.lib(fileSys.o)
 .text.Ql_FS_Format
                0x00000000       0x60 libs/gcc/app_start.lib(fileSys.o)
 .rodata.str1.1
                0x00000000      0x15c libs/gcc/app_start.lib(fileSys.o)
 .comment       0x00000000       0x31 libs/gcc/app_start.lib(fileSys.o)
 .ARM.attributes
                0x00000000       0x2b libs/gcc/app_start.lib(fileSys.o)
 .text          0x00000000        0x0 libs/gcc/app_start.lib(fota.o)
 .data          0x00000000        0x0 libs/gcc/app_start.lib(fota.o)
 .bss           0x00000000       0x14 libs/gcc/app_start.lib(fota.o)
 .text.Ql_FOTA_Init
                0x00000000       0x60 libs/gcc/app_start.lib(fota.o)
 .text.Ql_FOTA_WriteData
                0x00000000       0x68 libs/gcc/app_start.lib(fota.o)
 .text.Ql_FOTA_Finish
                0x00000000       0x58 libs/gcc/app_start.lib(fota.o)
 .text.Ql_FOTA_ReadData
                0x00000000       0x70 libs/gcc/app_start.lib(fota.o)
 .text.Ql_FOTA_Update
                0x00000000       0x58 libs/gcc/app_start.lib(fota.o)
 .rodata.str1.1
                0x00000000       0x4e libs/gcc/app_start.lib(fota.o)
 .comment       0x00000000       0x31 libs/gcc/app_start.lib(fota.o)
 .ARM.attributes
                0x00000000       0x2b libs/gcc/app_start.lib(fota.o)
 .text          0x00000000        0x0 libs/gcc/app_start.lib(gprs.o)
 .data          0x00000000        0x0 libs/gcc/app_start.lib(gprs.o)
 .bss           0x00000000       0x28 libs/gcc/app_start.lib(gprs.o)
 .text.Ql_GPRS_GetPDPCntxtState
                0x00000000       0x60 libs/gcc/app_start.lib(gprs.o)
 .text.Ql_GPRS_GetPDPContextId
                0x00000000       0x60 libs/gcc/app_start.lib(gprs.o)
 .text.Ql_GPRS_Config
                0x00000000       0x68 libs/gcc/app_start.lib(gprs.o)
 .text.Ql_GPRS_Register
                0x00000000       0x70 libs/gcc/app_start.lib(gprs.o)
 .text.Ql_GPRS_Activate
                0x00000000       0x60 libs/gcc/app_start.lib(gprs.o)
 .text.Ql_GPRS_ActivateEx
                0x00000000       0x68 libs/gcc/app_start.lib(gprs.o)
 .text.Ql_GPRS_Deactivate
                0x00000000       0x60 libs/gcc/app_start.lib(gprs.o)
 .text.Ql_GPRS_DeactivateEx
                0x00000000       0x68 libs/gcc/app_start.lib(gprs.o)
 .text.Ql_GPRS_GetLocalIPAddress
                0x00000000       0x68 libs/gcc/app_start.lib(gprs.o)
 .text.Ql_GPRS_GetDNSAddress
                0x00000000       0x70 libs/gcc/app_start.lib(gprs.o)
 .text.Ql_GPRS_SetDNSAddress
                0x00000000       0x70 libs/gcc/app_start.lib(gprs.o)
 .rodata.str1.1
                0x00000000       0xcb libs/gcc/app_start.lib(gprs.o)
 .comment       0x00000000       0x31 libs/gcc/app_start.lib(gprs.o)
 .ARM.attributes
                0x00000000       0x2b libs/gcc/app_start.lib(gprs.o)
 .text          0x00000000        0x0 libs/gcc/app_start.lib(iic.o)
 .data          0x00000000        0x0 libs/gcc/app_start.lib(iic.o)
 .text.Ql_IIC_Read
                0x00000000       0x78 libs/gcc/app_start.lib(iic.o)
 .text.Ql_IIC_Uninit
                0x00000000       0x60 libs/gcc/app_start.lib(iic.o)
 .text          0x00000000        0x0 libs/gcc/app_start.lib(lib_ril_sms.o)
 .data          0x00000000        0x0 libs/gcc/app_start.lib(lib_ril_sms.o)
 .bss           0x00000000        0x0 libs/gcc/app_start.lib(lib_ril_sms.o)
 .text.EncodeAddress
                0x00000000      0x228 libs/gcc/app_start.lib(lib_ril_sms.o)
 .text.DecodeUserDataHeader
                0x00000000       0xb8 libs/gcc/app_start.lib(lib_ril_sms.o)
 .text.EncodeGSM7Bit.part.2
                0x00000000       0xd4 libs/gcc/app_start.lib(lib_ril_sms.o)
 .text.DecodeGSM7Bit
                0x00000000      0x148 libs/gcc/app_start.lib(lib_ril_sms.o)
 .text.DecodeAddress
                0x00000000      0x218 libs/gcc/app_start.lib(lib_ril_sms.o)
 .text.DecordUserDataBody.part.5
                0x00000000      0x180 libs/gcc/app_start.lib(lib_ril_sms.o)
 .text.DecodeTimeStamp.constprop.8
                0x00000000       0xfc libs/gcc/app_start.lib(lib_ril_sms.o)
 .text.LIB_SMS_IsValidHexStr
                0x00000000       0x54 libs/gcc/app_start.lib(lib_ril_sms.o)
 .text.LIB_SMS_ConvHexOctToHexStr
                0x00000000       0xa8 libs/gcc/app_start.lib(lib_ril_sms.o)
 .text.LIB_SMS_ConvHexStrToHexOct
                0x00000000       0xe8 libs/gcc/app_start.lib(lib_ril_sms.o)
 .text.LIB_SMS_DecodeDCS
                0x00000000      0x164 libs/gcc/app_start.lib(lib_ril_sms.o)
 .text.LIB_SMS_ConvAlphaToCharSet
                0x00000000      0x43c libs/gcc/app_start.lib(lib_ril_sms.o)
 .text.LIB_SMS_ConvCharSetToAlpha
                0x00000000      0x7b4 libs/gcc/app_start.lib(lib_ril_sms.o)
 .text.LIB_SMS_DecodePDUStr
                0x00000000      0x500 libs/gcc/app_start.lib(lib_ril_sms.o)
 .text.LIB_SMS_EncodeSubmitPDU
                0x00000000      0x730 libs/gcc/app_start.lib(lib_ril_sms.o)
 .rodata        0x00000000      0x3bc libs/gcc/app_start.lib(lib_ril_sms.o)
 .comment       0x00000000       0x31 libs/gcc/app_start.lib(lib_ril_sms.o)
 .ARM.attributes
                0x00000000       0x2b libs/gcc/app_start.lib(lib_ril_sms.o)
 .text          0x00000000        0x0 libs/gcc/app_start.lib(memory.o)
 .data          0x00000000        0x0 libs/gcc/app_start.lib(memory.o)
 .text          0x00000000        0x0 libs/gcc/app_start.lib(ql_func.o)
 .text.Ql_StartPlayAudioStream
                0x00000000       0x7c libs/gcc/app_start.lib(ql_func.o)
 .text.Ql_StopPlayAudioStream
                0x00000000       0x4c libs/gcc/app_start.lib(ql_func.o)
 .text.Ql_GetRelativeTime_Counter
                0x00000000       0x40 libs/gcc/app_start.lib(ql_func.o)
 .text.Ql_SecondToTicks
                0x00000000       0x48 libs/gcc/app_start.lib(ql_func.o)
 .text.Ql_MillisecondToTicks
                0x00000000       0x48 libs/gcc/app_start.lib(ql_func.o)
 .text.Ql_CalendarTime2LocalTime
                0x00000000       0x58 libs/gcc/app_start.lib(ql_func.o)
 .text.Ql_osChangeTaskPriority
                0x00000000       0x50 libs/gcc/app_start.lib(ql_func.o)
 .rodata.str1.1
                0x00000000       0xa3 libs/gcc/app_start.lib(ql_func.o)
 .text          0x00000000        0x0 libs/gcc/app_start.lib(ql_main.o)
 .data          0x00000000        0x0 libs/gcc/app_start.lib(ql_main.o)
 .text          0x00000000        0x0 libs/gcc/app_start.lib(ril_aux.o)
 .text          0x00000000        0x0 libs/gcc/app_start.lib(ril_main.o)
 .text.get_ril_init_status
                0x00000000       0x10 libs/gcc/app_start.lib(ril_main.o)
 .text.Ql_RIL_WriteDataToCore
                0x00000000       0x24 libs/gcc/app_start.lib(ril_main.o)
 .text          0x00000000        0x0 libs/gcc/app_start.lib(stdlib_func.o)
 .data          0x00000000        0x0 libs/gcc/app_start.lib(stdlib_func.o)
 .text.Ql_create_api_hash
                0x00000000       0x28 libs/gcc/app_start.lib(stdlib_func.o)
 .text.Ql_ui64toa
                0x00000000       0xac libs/gcc/app_start.lib(stdlib_func.o)
 .text.Ql_itoa  0x00000000       0x9c libs/gcc/app_start.lib(stdlib_func.o)
 .text.Ql_strcat
                0x00000000       0x80 libs/gcc/app_start.lib(stdlib_func.o)
 .text.Ql_strncat
                0x00000000       0x88 libs/gcc/app_start.lib(stdlib_func.o)
 .text.Ql_memcmp
                0x00000000       0x70 libs/gcc/app_start.lib(stdlib_func.o)
 .text.Ql_memmove
                0x00000000       0x88 libs/gcc/app_start.lib(stdlib_func.o)
 .text.Ql_strchr
                0x00000000       0x80 libs/gcc/app_start.lib(stdlib_func.o)
 .text.Ql_tolower
                0x00000000        0x8 libs/gcc/app_start.lib(stdlib_func.o)
 .text.Ql_isdigit
                0x00000000       0x14 libs/gcc/app_start.lib(stdlib_func.o)
 .text          0x00000000        0x0 libs/gcc/app_start.lib(system.o)
 .data          0x00000000        0x0 libs/gcc/app_start.lib(system.o)
 .bss           0x00000000       0x14 libs/gcc/app_start.lib(system.o)
 .text.Ql_Sleep
                0x00000000       0x74 libs/gcc/app_start.lib(system.o)
 .text.Ql_Reset
                0x00000000       0x74 libs/gcc/app_start.lib(system.o)
 .text.Ql_GetUID
                0x00000000       0x68 libs/gcc/app_start.lib(system.o)
 .text.Ql_GetMsSincePwrOn
                0x00000000       0x84 libs/gcc/app_start.lib(system.o)
 .text.Ql_GetCoreVer
                0x00000000       0x6c libs/gcc/app_start.lib(system.o)
 .rodata.str1.1
                0x00000000       0x3d libs/gcc/app_start.lib(system.o)
 .text          0x00000000        0x0 libs/gcc/app_start.lib(taskMngt.o)
 .data          0x00000000        0x0 libs/gcc/app_start.lib(taskMngt.o)
 .text.Ql_OS_CreateSemaphore
                0x00000000       0x5c libs/gcc/app_start.lib(taskMngt.o)
 .text.Ql_OS_TakeSemaphore
                0x00000000       0x5c libs/gcc/app_start.lib(taskMngt.o)
 .text.Ql_OS_GiveSemaphore
                0x00000000       0x54 libs/gcc/app_start.lib(taskMngt.o)
 .text.Ql_OS_GetActiveTaskId
                0x00000000       0x58 libs/gcc/app_start.lib(taskMngt.o)
 .text.Ql_SetLastErrorCode
                0x00000000       0x60 libs/gcc/app_start.lib(taskMngt.o)
 .text.Ql_GetLastErrorCode
                0x00000000       0x58 libs/gcc/app_start.lib(taskMngt.o)
 .text.Ql_OS_GetCurrentTaskPriority
                0x00000000       0x4c libs/gcc/app_start.lib(taskMngt.o)
 .text.Ql_OS_GetCurrenTaskLeftStackSize
                0x00000000       0x4c libs/gcc/app_start.lib(taskMngt.o)
 .text          0x00000000        0x0 libs/gcc/app_start.lib(timer.o)
 .data          0x00000000        0x0 libs/gcc/app_start.lib(timer.o)
 .text.Ql_Timer_RegisterFast
                0x00000000       0x70 libs/gcc/app_start.lib(timer.o)
 .text          0x00000000        0x0 libs/gcc/app_start.lib(uart.o)
 .data          0x00000000        0x0 libs/gcc/app_start.lib(uart.o)
 .text.Ql_UART_OpenEx
                0x00000000       0x68 libs/gcc/app_start.lib(uart.o)
 .text.Ql_UART_RX_Enable
                0x00000000       0x58 libs/gcc/app_start.lib(uart.o)
 .text.Ql_UART_RX_Disable
                0x00000000       0x58 libs/gcc/app_start.lib(uart.o)
 .text.Ql_UART_SetDCBConfig
                0x00000000       0x68 libs/gcc/app_start.lib(uart.o)
 .text.Ql_UART_GetDCBConfig
                0x00000000       0x68 libs/gcc/app_start.lib(uart.o)
 .text.Ql_UART_ClrRxBuffer
                0x00000000       0x54 libs/gcc/app_start.lib(uart.o)
 .text.Ql_UART_ClrTxBuffer
                0x00000000       0x54 libs/gcc/app_start.lib(uart.o)
 .text.Ql_UART_GetOption
                0x00000000       0x70 libs/gcc/app_start.lib(uart.o)
 .text.Ql_UART_SetOption
                0x00000000       0x70 libs/gcc/app_start.lib(uart.o)
 .text.Ql_UART_SetPinStatus
                0x00000000       0x70 libs/gcc/app_start.lib(uart.o)
 .text.Ql_UART_Close
                0x00000000       0x54 libs/gcc/app_start.lib(uart.o)
 .data          0x00000000        0x0 libs/gcc/app_start.lib(ocpu_init.o)
 .bss           0x00000000        0x0 libs/gcc/app_start.lib(ocpu_init.o)
 .data          0x00000000        0x0 C:\Program Files\CodeSourcery\Sourcery_CodeBench_Lite_for_ARM_EABI/arm-none-eabi/lib/thumb/libc.a(lib_a-memcpy.o)
 .bss           0x00000000        0x0 C:\Program Files\CodeSourcery\Sourcery_CodeBench_Lite_for_ARM_EABI/arm-none-eabi/lib/thumb/libc.a(lib_a-memcpy.o)
 .data          0x00000000        0x0 C:\Program Files\CodeSourcery\Sourcery_CodeBench_Lite_for_ARM_EABI/arm-none-eabi/lib/thumb/libc.a(lib_a-memset.o)
 .bss           0x00000000        0x0 C:\Program Files\CodeSourcery\Sourcery_CodeBench_Lite_for_ARM_EABI/arm-none-eabi/lib/thumb/libc.a(lib_a-memset.o)
 .data          0x00000000        0x0 C:\Program Files\CodeSourcery\Sourcery_CodeBench_Lite_for_ARM_EABI/lib/gcc/arm-none-eabi/4.7.2/thumb/libgcc.a(_udivsi3.o)
 .bss           0x00000000        0x0 C:\Program Files\CodeSourcery\Sourcery_CodeBench_Lite_for_ARM_EABI/lib/gcc/arm-none-eabi/4.7.2/thumb/libgcc.a(_udivsi3.o)
 .text          0x00000000      0x150 C:\Program Files\CodeSourcery\Sourcery_CodeBench_Lite_for_ARM_EABI/lib/gcc/arm-none-eabi/4.7.2/thumb/libgcc.a(_divsi3.o)
 .data          0x00000000        0x0 C:\Program Files\CodeSourcery\Sourcery_CodeBench_Lite_for_ARM_EABI/lib/gcc/arm-none-eabi/4.7.2/thumb/libgcc.a(_divsi3.o)
 .bss           0x00000000        0x0 C:\Program Files\CodeSourcery\Sourcery_CodeBench_Lite_for_ARM_EABI/lib/gcc/arm-none-eabi/4.7.2/thumb/libgcc.a(_divsi3.o)
 .debug_frame   0x00000000       0x20 C:\Program Files\CodeSourcery\Sourcery_CodeBench_Lite_for_ARM_EABI/lib/gcc/arm-none-eabi/4.7.2/thumb/libgcc.a(_divsi3.o)
 .ARM.attributes
                0x00000000       0x18 C:\Program Files\CodeSourcery\Sourcery_CodeBench_Lite_for_ARM_EABI/lib/gcc/arm-none-eabi/4.7.2/thumb/libgcc.a(_divsi3.o)
 .data          0x00000000        0x0 C:\Program Files\CodeSourcery\Sourcery_CodeBench_Lite_for_ARM_EABI/lib/gcc/arm-none-eabi/4.7.2/thumb/libgcc.a(_dvmd_tls.o)
 .bss           0x00000000        0x0 C:\Program Files\CodeSourcery\Sourcery_CodeBench_Lite_for_ARM_EABI/lib/gcc/arm-none-eabi/4.7.2/thumb/libgcc.a(_dvmd_tls.o)
 .data          0x00000000        0x0 C:\Program Files\CodeSourcery\Sourcery_CodeBench_Lite_for_ARM_EABI/lib/gcc/arm-none-eabi/4.7.2/thumb/libgcc.a(_arm_addsubdf3.o)
 .bss           0x00000000        0x0 C:\Program Files\CodeSourcery\Sourcery_CodeBench_Lite_for_ARM_EABI/lib/gcc/arm-none-eabi/4.7.2/thumb/libgcc.a(_arm_addsubdf3.o)
 .data          0x00000000        0x0 C:\Program Files\CodeSourcery\Sourcery_CodeBench_Lite_for_ARM_EABI/lib/gcc/arm-none-eabi/4.7.2/thumb/libgcc.a(_arm_muldivdf3.o)
 .bss           0x00000000        0x0 C:\Program Files\CodeSourcery\Sourcery_CodeBench_Lite_for_ARM_EABI/lib/gcc/arm-none-eabi/4.7.2/thumb/libgcc.a(_arm_muldivdf3.o)
 .data          0x00000000        0x0 C:\Program Files\CodeSourcery\Sourcery_CodeBench_Lite_for_ARM_EABI/lib/gcc/arm-none-eabi/4.7.2/thumb/libgcc.a(_arm_fixdfsi.o)
 .bss           0x00000000        0x0 C:\Program Files\CodeSourcery\Sourcery_CodeBench_Lite_for_ARM_EABI/lib/gcc/arm-none-eabi/4.7.2/thumb/libgcc.a(_arm_fixdfsi.o)
 .data          0x00000000        0x0 C:\Program Files\CodeSourcery\Sourcery_CodeBench_Lite_for_ARM_EABI/lib/gcc/arm-none-eabi/4.7.2/thumb/libgcc.a(_arm_truncdfsf2.o)
 .bss           0x00000000        0x0 C:\Program Files\CodeSourcery\Sourcery_CodeBench_Lite_for_ARM_EABI/lib/gcc/arm-none-eabi/4.7.2/thumb/libgcc.a(_arm_truncdfsf2.o)

Memory Configuration

Name             Origin             Length             Attributes
ROM              0x102db040         0x00050000         xr
RAM              0xf03d2000         0x00019000         xrw
*default*        0x00000000         0xffffffff

Linker script and memory map

                0x102db040                . = 0x102db040

.initdata       0x102db040       0x2c
 *(.initdata)
 .initdata      0x102db040       0x2c libs/gcc/app_start.lib(ql_main.o)
                0x102db040                GADLENTRY

text            0x102db070      0xcd8
 *(.text)
 .text          0x102db070       0x4c libs/gcc/app_start.lib(ocpu_init.o)
                0x102db070                _OCPU_InitUserMem
 .text          0x102db0bc      0x10c C:\Program Files\CodeSourcery\Sourcery_CodeBench_Lite_for_ARM_EABI/arm-none-eabi/lib/thumb/libc.a(lib_a-memcpy.o)
                0x102db0bc                memcpy
 .text          0x102db1c8       0x9c C:\Program Files\CodeSourcery\Sourcery_CodeBench_Lite_for_ARM_EABI/arm-none-eabi/lib/thumb/libc.a(lib_a-memset.o)
                0x102db1c8                memset
 .text          0x102db264      0x11c C:\Program Files\CodeSourcery\Sourcery_CodeBench_Lite_for_ARM_EABI/lib/gcc/arm-none-eabi/4.7.2/thumb/libgcc.a(_udivsi3.o)
                0x102db264                __aeabi_uidiv
                0x102db264                __udivsi3
                0x102db360                __aeabi_uidivmod
 .text          0x102db380        0x4 C:\Program Files\CodeSourcery\Sourcery_CodeBench_Lite_for_ARM_EABI/lib/gcc/arm-none-eabi/4.7.2/thumb/libgcc.a(_dvmd_tls.o)
                0x102db380                __aeabi_idiv0
                0x102db380                __aeabi_ldiv0
 .text          0x102db384      0x41c C:\Program Files\CodeSourcery\Sourcery_CodeBench_Lite_for_ARM_EABI/lib/gcc/arm-none-eabi/4.7.2/thumb/libgcc.a(_arm_addsubdf3.o)
                0x102db384                __aeabi_drsub
                0x102db38c                __aeabi_dsub
                0x102db38c                __subdf3
                0x102db390                __aeabi_dadd
                0x102db390                __adddf3
                0x102db6a0                __floatunsidf
                0x102db6a0                __aeabi_ui2d
                0x102db6c4                __floatsidf
                0x102db6c4                __aeabi_i2d
                0x102db6ec                __aeabi_f2d
                0x102db6ec                __extendsfdf2
                0x102db72c                __floatundidf
                0x102db72c                __aeabi_ul2d
                0x102db740                __floatdidf
                0x102db740                __aeabi_l2d
 .text          0x102db7a0      0x49c C:\Program Files\CodeSourcery\Sourcery_CodeBench_Lite_for_ARM_EABI/lib/gcc/arm-none-eabi/4.7.2/thumb/libgcc.a(_arm_muldivdf3.o)
                0x102db7a0                __aeabi_dmul
                0x102db7a0                __muldf3
                0x102dba30                __divdf3
                0x102dba30                __aeabi_ddiv
 .text          0x102dbc3c       0x5c C:\Program Files\CodeSourcery\Sourcery_CodeBench_Lite_for_ARM_EABI/lib/gcc/arm-none-eabi/4.7.2/thumb/libgcc.a(_arm_fixdfsi.o)
                0x102dbc3c                __aeabi_d2iz
                0x102dbc3c                __fixdfsi
 .text          0x102dbc98       0xa0 C:\Program Files\CodeSourcery\Sourcery_CodeBench_Lite_for_ARM_EABI/lib/gcc/arm-none-eabi/4.7.2/thumb/libgcc.a(_arm_truncdfsf2.o)
                0x102dbc98                __truncdfsf2
                0x102dbc98                __aeabi_d2f
 .text.__stub   0x102dbd38        0xc linker stubs

.glue_7         0x102dbd48        0x0
 .glue_7        0x00000000        0x0 linker stubs

.glue_7t        0x102dbd48        0x0
 .glue_7t       0x00000000        0x0 linker stubs

.vfp11_veneer   0x102dbd48        0x0
 .vfp11_veneer  0x00000000        0x0 linker stubs

.v4_bx          0x102dbd48        0x0
 .v4_bx         0x00000000        0x0 linker stubs

.iplt           0x102dbd48        0x0
 .iplt          0x00000000        0x0 build\gcc\obj/custom/config/custom_sys_cfg.o

.text.Ql_RIL_AT_SetErrCode
                0x102dbd48       0x10
 .text.Ql_RIL_AT_SetErrCode
                0x102dbd48       0x10 build\gcc\obj/ril/src/ril_atResponse.o
                0x102dbd48                Ql_RIL_AT_SetErrCode

.text.Default_atRsp_callback
                0x102dbd58       0xcc
 .text.Default_atRsp_callback
                0x102dbd58       0xcc build\gcc\obj/ril/src/ril_atResponse.o
                0x102dbd58                Default_atRsp_callback

.text.OnURCHandler_BTGatscon
                0x102dbe24      0x118
 .text.OnURCHandler_BTGatscon
                0x102dbe24      0x118 build\gcc\obj/ril/src/ril_ble.o
                0x102dbe24                OnURCHandler_BTGatscon

.text.OnURCHandler_BTGatwreq
                0x102dbf3c       0xf8
 .text.OnURCHandler_BTGatwreq
                0x102dbf3c       0xf8 build\gcc\obj/ril/src/ril_ble.o
                0x102dbf3c                OnURCHandler_BTGatwreq

.text.OnURCHandler_BTGatewreq
                0x102dc034       0xe0
 .text.OnURCHandler_BTGatewreq
                0x102dc034       0xe0 build\gcc\obj/ril/src/ril_ble.o
                0x102dc034                OnURCHandler_BTGatewreq

.text.OnURCHandler_BTGatrreq
                0x102dc114       0xc8
 .text.OnURCHandler_BTGatrreq
                0x102dc114       0xc8 build\gcc\obj/ril/src/ril_ble.o
                0x102dc114                OnURCHandler_BTGatrreq

.text.OnURCHandler_BTpxpscon
                0x102dc1dc       0xa8
 .text.OnURCHandler_BTpxpscon
                0x102dc1dc       0xa8 build\gcc\obj/ril/src/ril_ble.o
                0x102dc1dc                OnURCHandler_BTpxpscon

.text.OnURCHandler_BTfmpscon
                0x102dc284       0x9c
 .text.OnURCHandler_BTfmpscon
                0x102dc284       0x9c build\gcc\obj/ril/src/ril_ble.o
                0x102dc284                OnURCHandler_BTfmpscon

.text.BT_DevMngmt_Append
                0x102dc320       0x34
 .text.BT_DevMngmt_Append
                0x102dc320       0x34 build\gcc\obj/ril/src/ril_bluetooth.o

.text.BT_DevMngmt_isFull
                0x102dc354       0x40
 .text.BT_DevMngmt_isFull
                0x102dc354       0x40 build\gcc\obj/ril/src/ril_bluetooth.o

.text.ATRsp_QBTSTATE_Hdlr
                0x102dc394      0x444
 .text.ATRsp_QBTSTATE_Hdlr
                0x102dc394      0x444 build\gcc\obj/ril/src/ril_bluetooth.o

.text.BT_DevMngmt_UpdateProfileId.constprop.7
                0x102dc7d8       0x38
 .text.BT_DevMngmt_UpdateProfileId.constprop.7
                0x102dc7d8       0x38 build\gcc\obj/ril/src/ril_bluetooth.o

.text.BT_DevMngmt_UpdateConnId.constprop.8
                0x102dc810       0x38
 .text.BT_DevMngmt_UpdateConnId.constprop.8
                0x102dc810       0x38 build\gcc\obj/ril/src/ril_bluetooth.o

.text.OnURCHandler_BTVisible
                0x102dc848       0xe4
 .text.OnURCHandler_BTVisible
                0x102dc848       0xe4 build\gcc\obj/ril/src/ril_bluetooth.o
                0x102dc848                OnURCHandler_BTVisible

.text.OnURCHandler_BTScan
                0x102dc92c      0x26c
 .text.OnURCHandler_BTScan
                0x102dc92c      0x26c build\gcc\obj/ril/src/ril_bluetooth.o
                0x102dc92c                OnURCHandler_BTScan

.text.RIL_BT_QueryState
                0x102dcb98       0x68
 .text.RIL_BT_QueryState
                0x102dcb98       0x68 build\gcc\obj/ril/src/ril_bluetooth.o
                0x102dcb98                RIL_BT_QueryState

.text.OnURCHandler_BTPair
                0x102dcc00      0x208
 .text.OnURCHandler_BTPair
                0x102dcc00      0x208 build\gcc\obj/ril/src/ril_bluetooth.o
                0x102dcc00                OnURCHandler_BTPair

.text.OnURCHandler_BTPairCnf
                0x102dce08      0x22c
 .text.OnURCHandler_BTPairCnf
                0x102dce08      0x22c build\gcc\obj/ril/src/ril_bluetooth.o
                0x102dce08                OnURCHandler_BTPairCnf

.text.OnURCHandler_BTConn
                0x102dd034      0x234
 .text.OnURCHandler_BTConn
                0x102dd034      0x234 build\gcc\obj/ril/src/ril_bluetooth.o
                0x102dd034                OnURCHandler_BTConn

.text.OnURCHandler_BTConnCnf
                0x102dd268      0x2bc
 .text.OnURCHandler_BTConnCnf
                0x102dd268      0x2bc build\gcc\obj/ril/src/ril_bluetooth.o
                0x102dd268                OnURCHandler_BTConnCnf

.text.OnURCHandler_BTDisconn
                0x102dd524      0x1b8
 .text.OnURCHandler_BTDisconn
                0x102dd524      0x1b8 build\gcc\obj/ril/src/ril_bluetooth.o
                0x102dd524                OnURCHandler_BTDisconn

.text.OnURCHandler_BTIndication
                0x102dd6dc      0x35c
 .text.OnURCHandler_BTIndication
                0x102dd6dc      0x35c build\gcc\obj/ril/src/ril_bluetooth.o
                0x102dd6dc                OnURCHandler_BTIndication

.text.Ql_RIL_RcvDataFrmCore
                0x102dda38       0x20
 .text.Ql_RIL_RcvDataFrmCore
                0x102dda38       0x20 build\gcc\obj/ril/src/ril_custom.o
                0x102dda38                Ql_RIL_RcvDataFrmCore

.text.OnURCHandler_QToneDet
                0x102dda58       0xf4
 .text.OnURCHandler_QToneDet
                0x102dda58       0xf4 build\gcc\obj/ril/src/Ril_dtmf.o
                0x102dda58                OnURCHandler_QToneDet

.text.OnURCHandler_QWDTMF
                0x102ddb4c       0xa0
 .text.OnURCHandler_QWDTMF
                0x102ddb4c       0xa0 build\gcc\obj/ril/src/Ril_dtmf.o
                0x102ddb4c                OnURCHandler_QWDTMF

.text.OnURCHandler_GPSCMD
                0x102ddbec       0x6c
 .text.OnURCHandler_GPSCMD
                0x102ddbec       0x6c build\gcc\obj/ril/src/ril_gps.o
                0x102ddbec                OnURCHandler_GPSCMD

.text.RIL_GetInitCmdCnt
                0x102ddc58        0x8
 .text.RIL_GetInitCmdCnt
                0x102ddc58        0x8 build\gcc\obj/ril/src/ril_init.o
                0x102ddc58                RIL_GetInitCmdCnt

.text.RIL_GetLimitedCmdCnt
                0x102ddc60        0x8
 .text.RIL_GetLimitedCmdCnt
                0x102ddc60        0x8 build\gcc\obj/ril/src/ril_init.o
                0x102ddc60                RIL_GetLimitedCmdCnt

.text.OnURCHandler_QCELLLocation
                0x102ddc68      0x148
 .text.OnURCHandler_QCELLLocation
                0x102ddc68      0x148 build\gcc\obj/ril/src/ril_location.o
                0x102ddc68                OnURCHandler_QCELLLocation

.text.OnURCHandler_NTPCMD
                0x102dddb0       0x6c
 .text.OnURCHandler_NTPCMD
                0x102dddb0       0x6c build\gcc\obj/ril/src/ril_ntp.o
                0x102dddb0                OnURCHandler_NTPCMD

.text.RIL_SIM_GetSimStateByName
                0x102dde1c      0x170
 .text.RIL_SIM_GetSimStateByName
                0x102dde1c      0x170 build\gcc\obj/ril/src/ril_sim.o
                0x102dde1c                RIL_SIM_GetSimStateByName

.text.OnURCHandler_HTTP
                0x102ddf8c       0x6c
 .text.OnURCHandler_HTTP
                0x102ddf8c       0x6c build\gcc\obj/ril/src/ril_urc.o

.text.OnURCHandler_AudPlayInd
                0x102ddff8       0x50
 .text.OnURCHandler_AudPlayInd
                0x102ddff8       0x50 build\gcc\obj/ril/src/ril_urc.o

.text.OnURCHandler_FTP
                0x102de048      0x178
 .text.OnURCHandler_FTP
                0x102de048      0x178 build\gcc\obj/ril/src/ril_urc.o

.text.OnURCHandler_AlarmRing
                0x102de1c0       0x28
 .text.OnURCHandler_AlarmRing
                0x102de1c0       0x28 build\gcc\obj/ril/src/ril_urc.o

.text.OnURCHandler_InitStat
                0x102de1e8       0x68
 .text.OnURCHandler_InitStat
                0x102de1e8       0x68 build\gcc\obj/ril/src/ril_urc.o

.text.OnURCHandler_CFUN
                0x102de250       0xc0
 .text.OnURCHandler_CFUN
                0x102de250       0xc0 build\gcc\obj/ril/src/ril_urc.o

.text.OnURCHandler_Voltage
                0x102de310       0xa4
 .text.OnURCHandler_Voltage
                0x102de310       0xa4 build\gcc\obj/ril/src/ril_urc.o

.text.OnURCHandler_Network
                0x102de3b4      0x178
 .text.OnURCHandler_Network
                0x102de3b4      0x178 build\gcc\obj/ril/src/ril_urc.o

.text.OnURCHandler_Call
                0x102de52c      0x28c
 .text.OnURCHandler_Call
                0x102de52c      0x28c build\gcc\obj/ril/src/ril_urc.o

.text.OnURCHandler_SIM
                0x102de7b8      0x100
 .text.OnURCHandler_SIM
                0x102de7b8      0x100 build\gcc\obj/ril/src/ril_urc.o

.text.OnURCHandler_SMS
                0x102de8b8      0x138
 .text.OnURCHandler_SMS
                0x102de8b8      0x138 build\gcc\obj/ril/src/ril_urc.o

.text.OnURCHandler
                0x102de9f0       0xc0
 .text.OnURCHandler
                0x102de9f0       0xc0 build\gcc\obj/ril/src/ril_urc.o
                0x102de9f0                OnURCHandler

.text.Ql_RIL_IsURCStr
                0x102deab0       0x80
 .text.Ql_RIL_IsURCStr
                0x102deab0       0x80 build\gcc\obj/ril/src/ril_urc.o
                0x102deab0                Ql_RIL_IsURCStr

.text.Ql_StrPrefixMatch
                0x102deb30       0x48
 .text.Ql_StrPrefixMatch
                0x102deb30       0x48 build\gcc\obj/ril/src/ril_util.o
                0x102deb30                Ql_StrPrefixMatch

.text.Ql_StrToUpper
                0x102deb78       0x44
 .text.Ql_StrToUpper
                0x102deb78       0x44 build\gcc\obj/ril/src/ril_util.o
                0x102deb78                Ql_StrToUpper

.text.Ql_RIL_FindString
                0x102debbc       0x90
 .text.Ql_RIL_FindString
                0x102debbc       0x90 build\gcc\obj/ril/src/ril_util.o
                0x102debbc                Ql_RIL_FindString

.text.Ql_RIL_FindLine
                0x102dec4c      0x278
 .text.Ql_RIL_FindLine
                0x102dec4c      0x278 build\gcc\obj/ril/src/ril_util.o
                0x102dec4c                Ql_RIL_FindLine

.text.Ql_GenHash
                0x102deec4       0x4c
 .text.Ql_GenHash
                0x102deec4       0x4c build\gcc\obj/ril/src/ril_util.o
                0x102deec4                Ql_GenHash

.text.proc_main_task
                0x102def10      0x158
 .text.proc_main_task
                0x102def10      0x158 build\gcc\obj/custom/iic/src/iic_bus_manipulations.o
                0x102def10                proc_main_task

.text.ReadSerialPort
                0x102df068       0xd4
 .text.ReadSerialPort
                0x102df068       0xd4 build\gcc\obj/custom/iic/src/iic_bus_manipulations.o
                0x102df068                ReadSerialPort

.text.CallBack_UART_Hdlr
                0x102df13c       0x28
 .text.CallBack_UART_Hdlr
                0x102df13c       0x28 build\gcc\obj/custom/iic/src/iic_bus_manipulations.o

.text.i2c_Init  0x102df164       0xb0
 .text.i2c_Init
                0x102df164       0xb0 build\gcc\obj/custom/iic/src/iic_configuration.o
                0x102df164                i2c_Init

.text.i2c_Config
                0x102df214       0xb0
 .text.i2c_Config
                0x102df214       0xb0 build\gcc\obj/custom/iic/src/iic_configuration.o
                0x102df214                i2c_Config

.text.lis_RD    0x102df2c4       0xcc
 .text.lis_RD   0x102df2c4       0xcc build\gcc\obj/custom/iic/src/iic_configuration.o
                0x102df2c4                lis_RD

.text.lis_WR    0x102df390       0x9c
 .text.lis_WR   0x102df390       0x9c build\gcc\obj/custom/iic/src/iic_configuration.o
                0x102df390                lis_WR

.text.power_on_via_reg
                0x102df42c       0x1c
 .text.power_on_via_reg
                0x102df42c       0x1c build\gcc\obj/custom/iic/src/iic_configuration.o
                0x102df42c                power_on_via_reg

.text.i2c_init_and_config
                0x102df448       0x30
 .text.i2c_init_and_config
                0x102df448       0x30 build\gcc\obj/custom/iic/src/iic_configuration.o
                0x102df448                i2c_init_and_config

.text.xyz       0x102df478      0x208
 .text.xyz      0x102df478      0x208 build\gcc\obj/custom/iic/src/timer.o
                0x102df478                xyz

.text.xyz_timer_int_and_start
                0x102df680      0x188
 .text.xyz_timer_int_and_start
                0x102df680      0x188 build\gcc\obj/custom/iic/src/timer.o
                0x102df680                xyz_timer_int_and_start

.text.Ql_IIC_Init
                0x102df808       0x78
 .text.Ql_IIC_Init
                0x102df808       0x78 libs/gcc/app_start.lib(iic.o)
                0x102df808                Ql_IIC_Init

.text.Ql_IIC_Config
                0x102df880       0x78
 .text.Ql_IIC_Config
                0x102df880       0x78 libs/gcc/app_start.lib(iic.o)
                0x102df880                Ql_IIC_Config

.text.Ql_IIC_Write
                0x102df8f8       0x78
 .text.Ql_IIC_Write
                0x102df8f8       0x78 libs/gcc/app_start.lib(iic.o)
                0x102df8f8                Ql_IIC_Write

.text.Ql_IIC_Write_Read
                0x102df970       0x88
 .text.Ql_IIC_Write_Read
                0x102df970       0x88 libs/gcc/app_start.lib(iic.o)
                0x102df970                Ql_IIC_Write_Read

.text.Ql_MEM_Alloc
                0x102df9f8       0x78
 .text.Ql_MEM_Alloc
                0x102df9f8       0x78 libs/gcc/app_start.lib(memory.o)
                0x102df9f8                Ql_MEM_Alloc

.text.Ql_MEM_Free
                0x102dfa70       0x74
 .text.Ql_MEM_Free
                0x102dfa70       0x74 libs/gcc/app_start.lib(memory.o)
                0x102dfa70                Ql_MEM_Free

.text.ql_InitVFunc
                0x102dfae4      0x104
 .text.ql_InitVFunc
                0x102dfae4      0x104 libs/gcc/app_start.lib(ql_main.o)
                0x102dfae4                ql_InitVFunc

.text.ocpu_main
                0x102dfbe8       0xf0
 .text.ocpu_main
                0x102dfbe8       0xf0 libs/gcc/app_start.lib(ql_main.o)
                0x102dfbe8                ocpu_main

.text.proc_reserved2
                0x102dfcd8       0x70
 .text.proc_reserved2
                0x102dfcd8       0x70 libs/gcc/app_start.lib(ril_aux.o)
                0x102dfcd8                proc_reserved2

.text.ril_StopATTimer
                0x102dfd48       0x34
 .text.ril_StopATTimer
                0x102dfd48       0x34 libs/gcc/app_start.lib(ril_main.o)

.text.Callback_OnATTimer
                0x102dfd7c       0x4c
 .text.Callback_OnATTimer
                0x102dfd7c       0x4c libs/gcc/app_start.lib(ril_main.o)

.text.CallBack_SerialPort_Hdlr
                0x102dfdc8      0x384
 .text.CallBack_SerialPort_Hdlr
                0x102dfdc8      0x384 libs/gcc/app_start.lib(ril_main.o)

.text.proc_reserved1
                0x102e014c      0x200
 .text.proc_reserved1
                0x102e014c      0x200 libs/gcc/app_start.lib(ril_main.o)
                0x102e014c                proc_reserved1

.text.Ql_RIL_Initialize
                0x102e034c       0xd4
 .text.Ql_RIL_Initialize
                0x102e034c       0xd4 libs/gcc/app_start.lib(ril_main.o)
                0x102e034c                Ql_RIL_Initialize

.text.Ql_RIL_SendATCmd
                0x102e0420      0x260
 .text.Ql_RIL_SendATCmd
                0x102e0420      0x260 libs/gcc/app_start.lib(ril_main.o)
                0x102e0420                Ql_RIL_SendATCmd

.text.Ql_atof   0x102e0680       0x98
 .text.Ql_atof  0x102e0680       0x98 libs/gcc/app_start.lib(stdlib_func.o)
                0x102e0680                Ql_atof

.text.Ql_strcpy
                0x102e0718       0xa0
 .text.Ql_strcpy
                0x102e0718       0xa0 libs/gcc/app_start.lib(stdlib_func.o)
                0x102e0718                Ql_strcpy

.text.Ql_strncpy
                0x102e07b8       0x88
 .text.Ql_strncpy
                0x102e07b8       0x88 libs/gcc/app_start.lib(stdlib_func.o)
                0x102e07b8                Ql_strncpy

.text.Ql_strlen
                0x102e0840       0x78
 .text.Ql_strlen
                0x102e0840       0x78 libs/gcc/app_start.lib(stdlib_func.o)
                0x102e0840                Ql_strlen

.text.Ql_strcmp
                0x102e08b8       0x68
 .text.Ql_strcmp
                0x102e08b8       0x68 libs/gcc/app_start.lib(stdlib_func.o)
                0x102e08b8                Ql_strcmp

.text.Ql_strncmp
                0x102e0920       0x70
 .text.Ql_strncmp
                0x102e0920       0x70 libs/gcc/app_start.lib(stdlib_func.o)
                0x102e0920                Ql_strncmp

.text.Ql_memset
                0x102e0990       0x88
 .text.Ql_memset
                0x102e0990       0x88 libs/gcc/app_start.lib(stdlib_func.o)
                0x102e0990                Ql_memset

.text.Ql_memcpy
                0x102e0a18       0x88
 .text.Ql_memcpy
                0x102e0a18       0x88 libs/gcc/app_start.lib(stdlib_func.o)
                0x102e0a18                Ql_memcpy

.text.Ql_strstr
                0x102e0aa0       0x80
 .text.Ql_strstr
                0x102e0aa0       0x80 libs/gcc/app_start.lib(stdlib_func.o)
                0x102e0aa0                Ql_strstr

.text.Ql_toupper
                0x102e0b20        0x8
 .text.Ql_toupper
                0x102e0b20        0x8 libs/gcc/app_start.lib(stdlib_func.o)
                0x102e0b20                Ql_toupper

.text.Ql_atoi   0x102e0b28       0x84
 .text.Ql_atoi  0x102e0b28       0x84 libs/gcc/app_start.lib(stdlib_func.o)
                0x102e0b28                Ql_atoi

.text.Ql_GetSDKVer
                0x102e0bac       0x64
 .text.Ql_GetSDKVer
                0x102e0bac       0x64 libs/gcc/app_start.lib(system.o)
                0x102e0bac                Ql_GetSDKVer

.text.Ql_OS_GetMessage
                0x102e0c10       0x60
 .text.Ql_OS_GetMessage
                0x102e0c10       0x60 libs/gcc/app_start.lib(taskMngt.o)
                0x102e0c10                Ql_OS_GetMessage

.text.Ql_OS_SendMessage
                0x102e0c70       0x78
 .text.Ql_OS_SendMessage
                0x102e0c70       0x78 libs/gcc/app_start.lib(taskMngt.o)
                0x102e0c70                Ql_OS_SendMessage

.text.Ql_OS_CreateMutex
                0x102e0ce8       0x54
 .text.Ql_OS_CreateMutex
                0x102e0ce8       0x54 libs/gcc/app_start.lib(taskMngt.o)
                0x102e0ce8                Ql_OS_CreateMutex

.text.Ql_OS_TakeMutex
                0x102e0d3c       0x54
 .text.Ql_OS_TakeMutex
                0x102e0d3c       0x54 libs/gcc/app_start.lib(taskMngt.o)
                0x102e0d3c                Ql_OS_TakeMutex

.text.Ql_OS_GiveMutex
                0x102e0d90       0x54
 .text.Ql_OS_GiveMutex
                0x102e0d90       0x54 libs/gcc/app_start.lib(taskMngt.o)
                0x102e0d90                Ql_OS_GiveMutex

.text.Ql_OS_CreateEvent
                0x102e0de4       0x54
 .text.Ql_OS_CreateEvent
                0x102e0de4       0x54 libs/gcc/app_start.lib(taskMngt.o)
                0x102e0de4                Ql_OS_CreateEvent

.text.Ql_OS_WaitEvent
                0x102e0e38       0x68
 .text.Ql_OS_WaitEvent
                0x102e0e38       0x68 libs/gcc/app_start.lib(taskMngt.o)
                0x102e0e38                Ql_OS_WaitEvent

.text.Ql_OS_SetEvent
                0x102e0ea0       0x68
 .text.Ql_OS_SetEvent
                0x102e0ea0       0x68 libs/gcc/app_start.lib(taskMngt.o)
                0x102e0ea0                Ql_OS_SetEvent

.text.Ql_Timer_Register
                0x102e0f08       0x70
 .text.Ql_Timer_Register
                0x102e0f08       0x70 libs/gcc/app_start.lib(timer.o)
                0x102e0f08                Ql_Timer_Register

.text.Ql_Timer_Start
                0x102e0f78       0x70
 .text.Ql_Timer_Start
                0x102e0f78       0x70 libs/gcc/app_start.lib(timer.o)
                0x102e0f78                Ql_Timer_Start

.text.Ql_Timer_Stop
                0x102e0fe8       0x60
 .text.Ql_Timer_Stop
                0x102e0fe8       0x60 libs/gcc/app_start.lib(timer.o)
                0x102e0fe8                Ql_Timer_Stop

.text.Ql_UART_Register
                0x102e1048       0x70
 .text.Ql_UART_Register
                0x102e1048       0x70 libs/gcc/app_start.lib(uart.o)
                0x102e1048                Ql_UART_Register

.text.Ql_UART_Open
                0x102e10b8       0x70
 .text.Ql_UART_Open
                0x102e10b8       0x70 libs/gcc/app_start.lib(uart.o)
                0x102e10b8                Ql_UART_Open

.text.Ql_UART_Write
                0x102e1128       0x70
 .text.Ql_UART_Write
                0x102e1128       0x70 libs/gcc/app_start.lib(uart.o)
                0x102e1128                Ql_UART_Write

.text.Ql_UART_Read
                0x102e1198       0x70
 .text.Ql_UART_Read
                0x102e1198       0x70 libs/gcc/app_start.lib(uart.o)
                0x102e1198                Ql_UART_Read

.text.Ql_UART_GetPinStatus
                0x102e1208       0x68
 .text.Ql_UART_GetPinStatus
                0x102e1208       0x68 libs/gcc/app_start.lib(uart.o)
                0x102e1208                Ql_UART_GetPinStatus

.text.Ql_UART_SendEscap
                0x102e1270       0x60
 .text.Ql_UART_SendEscap
                0x102e1270       0x60 libs/gcc/app_start.lib(uart.o)
                0x102e1270                Ql_UART_SendEscap

.rodata         0x102e12d0      0xc5c
 *(.rodata)
 .rodata        0x102e12d0       0x48 build\gcc\obj/custom/config/custom_sys_cfg.o
                0x102e12d4                SystemCfg
 .rodata        0x102e1318       0x54 build\gcc\obj/custom/config/sys_config.o
                0x102e1318                GpioConfigTbl
                0x102e131c                TaskConfig
 .rodata        0x102e136c      0x100 build\gcc\obj/ril/src/ril_bluetooth.o
 .rodata        0x102e146c       0x1a build\gcc\obj/ril/src/Ril_dtmf.o
 .rodata        0x102e1486       0x4c build\gcc\obj/ril/src/ril_gps.o
 .rodata        0x102e14d2        0xe build\gcc\obj/ril/src/ril_location.o
 .rodata        0x102e14e0        0xa build\gcc\obj/ril/src/ril_ntp.o
 *fill*         0x102e14ea        0x2 
 .rodata        0x102e14ec      0xa10 build\gcc\obj/ril/src/ril_urc.o
 .rodata        0x102e1efc       0x16 libs/gcc/app_start.lib(ql_main.o)
 .rodata        0x102e1f12        0x4 libs/gcc/app_start.lib(ril_main.o)
 .rodata        0x102e1f16       0x16 libs/gcc/app_start.lib(system.o)

.rodata.str1.1  0x102e1f2c     0x118f
 .rodata.str1.1
                0x102e1f2c       0x28 build\gcc\obj/ril/src/ril_atResponse.o
                                 0x2e (size before relaxing)
 .rodata.str1.1
                0x102e1f54      0x491 build\gcc\obj/ril/src/ril_ble.o
                                0x53e (size before relaxing)
 .rodata.str1.1
                0x102e23e5      0x3ad build\gcc\obj/ril/src/ril_bluetooth.o
                                0x4e3 (size before relaxing)
 .rodata.str1.1
                0x102e2792       0xb7 build\gcc\obj/ril/src/Ril_dtmf.o
                                 0xcc (size before relaxing)
 .rodata.str1.1
                0x102e2849       0x52 build\gcc\obj/ril/src/ril_init.o
 .rodata.str1.1
                0x102e289b       0x8a build\gcc\obj/ril/src/ril_location.o
                                 0xca (size before relaxing)
 .rodata.str1.1
                0x102e2925       0x79 build\gcc\obj/ril/src/ril_sim.o
                                 0xaf (size before relaxing)
 .rodata.str1.1
                0x102e299e      0x164 build\gcc\obj/ril/src/ril_urc.o
                                0x16b (size before relaxing)
 .rodata.str1.1
                0x102e2b02       0x11 build\gcc\obj/ril/src/ril_util.o
                                 0x16 (size before relaxing)
 .rodata.str1.1
                0x102e2b13       0x57 build\gcc\obj/custom/iic/src/iic_bus_manipulations.o
 .rodata.str1.1
                0x102e2b6a       0x61 build\gcc\obj/custom/iic/src/iic_configuration.o
 .rodata.str1.1
                0x102e2bcb       0xe7 build\gcc\obj/custom/iic/src/timer.o
 .rodata.str1.1
                0x102e2cb2       0x53 libs/gcc/app_start.lib(iic.o)
 .rodata.str1.1
                0x102e2d05       0x19 libs/gcc/app_start.lib(memory.o)
 .rodata.str1.1
                0x102e2d1e       0x51 libs/gcc/app_start.lib(ql_main.o)
                                 0x56 (size before relaxing)
 .rodata.str1.1
                0x102e2d6f       0x1e libs/gcc/app_start.lib(ril_main.o)
                                 0x25 (size before relaxing)
 .rodata.str1.1
                0x102e2d8d       0xa1 libs/gcc/app_start.lib(stdlib_func.o)
 .rodata.str1.1
                0x102e2e2e      0x140 libs/gcc/app_start.lib(taskMngt.o)
 .rodata.str1.1
                0x102e2f6e       0x45 libs/gcc/app_start.lib(timer.o)
 .rodata.str1.1
                0x102e2fb3      0x108 libs/gcc/app_start.lib(uart.o)

.rel.dyn        0x102e30bc        0x0
 .rel.iplt      0x00000000        0x0 build\gcc\obj/custom/config/custom_sys_cfg.o

.data           0xf03d2000       0x50 load address 0x102e30c0
                0x102e30c0                PROVIDE (__data_load, LOADADDR (.data))
                0xf03d2000                PROVIDE (__data_start, .)
 *(.data)
 .data          0xf03d2000        0x1 build\gcc\obj/ril/src/ril_bluetooth.o
 *fill*         0xf03d2001        0x3 
 .data          0xf03d2004       0x20 build\gcc\obj/ril/src/ril_init.o
                0xf03d2004                g_LimitedCmds
                0xf03d200c                g_InitCmds
 .data          0xf03d2024       0x18 libs/gcc/app_start.lib(ql_func.o)
                0xf03d2024                api_notsup
 .data          0xf03d203c        0x4 libs/gcc/app_start.lib(ril_aux.o)
                0xf03d203c                g_ril_auxTaskId
 .data          0xf03d2040       0x10 libs/gcc/app_start.lib(ril_main.o)
                0xf03d2050                . = ALIGN (0x8)
                0xf03d2050                PROVIDE (_edata, .)

.igot.plt       0xf03d2050        0x0 load address 0x102e3110
 .igot.plt      0x00000000        0x0 build\gcc\obj/custom/config/custom_sys_cfg.o

.bss            0xf03d2050     0x1d78 load address 0x102e3110
                0xf03d2050                PROVIDE (__bss_start__, .)
 *(.bss)
 .bss           0xf03d2050        0x4 build\gcc\obj/ril/src/ril_atResponse.o
 .bss           0xf03d2054        0x4 build\gcc\obj/ril/src/ril_audio.o
                0xf03d2054                cb_aud_play
 .bss           0xf03d2058        0x4 build\gcc\obj/ril/src/ril_ble.o
 .bss           0xf03d205c       0x98 build\gcc\obj/ril/src/ril_bluetooth.o
 .bss           0xf03d20f4        0x4 build\gcc\obj/ril/src/ril_custom.o
                0xf03d20f4                cb_rcvCoreData
 .bss           0xf03d20f8       0x10 build\gcc\obj/ril/src/Ril_dtmf.o
 .bss           0xf03d2108        0x4 build\gcc\obj/ril/src/ril_gps.o
 .bss           0xf03d210c       0x18 build\gcc\obj/ril/src/ril_http.o
                0xf03d2110                http_url_addr
                0xf03d2114                http_url_addr_len
                0xf03d2118                http_post_msg
                0xf03d211c                http_post_msg_len
                0xf03d2120                callback_http_dwnld
 .bss           0xf03d2124        0x4 build\gcc\obj/ril/src/ril_location.o
 .bss           0xf03d2128        0x4 build\gcc\obj/ril/src/ril_ntp.o
 .bss           0xf03d212c        0x8 build\gcc\obj/ril/src/ril_urc.o
                0xf03d212c                FtpGet_IND_CB
                0xf03d2130                FtpPut_IND_CB
 .bss           0xf03d2134      0xa00 build\gcc\obj/custom/iic/src/iic_bus_manipulations.o
 .bss           0xf03d2b34      0x202 build\gcc\obj/custom/iic/src/iic_configuration.o
 .bss           0xf03d2d36      0x200 build\gcc\obj/custom/iic/src/timer.o
 *fill*         0xf03d2f36        0x2 
 .bss           0xf03d2f38       0x18 libs/gcc/app_start.lib(iic.o)
                0xf03d2f38                m_IIC_Init
                0xf03d2f3c                m_IIC_Config
                0xf03d2f40                m_IIC_Write
                0xf03d2f44                m_IIC_Read
                0xf03d2f48                m_IIC_Write_Read
                0xf03d2f4c                m_IIC_Uninit
 .bss           0xf03d2f50        0x8 libs/gcc/app_start.lib(memory.o)
 .bss           0xf03d2f58       0x24 libs/gcc/app_start.lib(ql_func.o)
                0xf03d2f58                m_StartPlayAudioStream
                0xf03d2f5c                m_get_api_ptr
                0xf03d2f60                m_StopPlayAudioStream
                0xf03d2f64                m_GetRelativeTime_Counter
                0xf03d2f68                m_SecondToTicks
                0xf03d2f6c                m_MillisecondToTicks
                0xf03d2f70                m_CalendarTime2LocalTime
                0xf03d2f74                m_osChangeTaskPriority
                0xf03d2f78                m_create_api_hash
 .bss           0xf03d2f7c       0x10 libs/gcc/app_start.lib(ql_main.o)
                0xf03d2f80                runinfo
 .bss           0xf03d2f8c        0x1 libs/gcc/app_start.lib(ril_aux.o)
                0xf03d2f8c                g_ril_auxTaskReady
 *fill*         0xf03d2f8d        0x3 
 .bss           0xf03d2f90      0xc34 libs/gcc/app_start.lib(ril_main.o)
 .bss           0xf03d3bc4       0x40 libs/gcc/app_start.lib(stdlib_func.o)
 .bss           0xf03d3c04       0x40 libs/gcc/app_start.lib(taskMngt.o)
 .bss           0xf03d3c44       0x10 libs/gcc/app_start.lib(timer.o)
 .bss           0xf03d3c54       0x3c libs/gcc/app_start.lib(uart.o)
                0xf03d3c90                . = ALIGN (0x8)
                0xf03d3c90                PROVIDE (__bss_end__, .)
 COMMON         0xf03d3c90      0x124 build\gcc\obj/ril/src/ril_telephony.o
                0xf03d3c90                g_comingCall
 COMMON         0xf03d3db4       0x14 libs/gcc/app_start.lib(ql_main.o)
                0xf03d3db4                Ql_snprintf
                0xf03d3db8                Ql_sprintf
                0xf03d3dbc                Ql_Debug_Trace
                0xf03d3dc0                Ql_vsprintf
                0xf03d3dc4                Ql_sscanf
LOAD build\gcc\obj/custom/config/custom_sys_cfg.o
LOAD build\gcc\obj/custom/config/sys_config.o
LOAD build\gcc\obj/ril/src/ril_alarm.o
LOAD build\gcc\obj/ril/src/ril_atResponse.o
LOAD build\gcc\obj/ril/src/ril_audio.o
LOAD build\gcc\obj/ril/src/ril_ble.o
LOAD build\gcc\obj/ril/src/ril_bluetooth.o
LOAD build\gcc\obj/ril/src/ril_custom.o
LOAD build\gcc\obj/ril/src/Ril_dtmf.o
LOAD build\gcc\obj/ril/src/ril_ftp.o
LOAD build\gcc\obj/ril/src/ril_gps.o
LOAD build\gcc\obj/ril/src/ril_http.o
LOAD build\gcc\obj/ril/src/ril_init.o
LOAD build\gcc\obj/ril/src/ril_location.o
LOAD build\gcc\obj/ril/src/ril_network.o
LOAD build\gcc\obj/ril/src/ril_ntp.o
LOAD build\gcc\obj/ril/src/ril_sim.o
LOAD build\gcc\obj/ril/src/ril_sms.o
LOAD build\gcc\obj/ril/src/ril_system.o
LOAD build\gcc\obj/ril/src/ril_telephony.o
LOAD build\gcc\obj/ril/src/ril_urc.o
LOAD build\gcc\obj/ril/src/ril_util.o
LOAD build\gcc\obj/custom/main.o
LOAD build\gcc\obj/custom/fota/src/fota_ftp.o
LOAD build\gcc\obj/custom/fota/src/fota_http.o
LOAD build\gcc\obj/custom/fota/src/fota_http_code.o
LOAD build\gcc\obj/custom/fota/src/fota_main.o
LOAD build\gcc\obj/custom/iic/src/iic_bus_manipulations.o
LOAD build\gcc\obj/custom/iic/src/iic_configuration.o
LOAD build\gcc\obj/custom/iic/src/timer.o
LOAD libs/gcc/app_start.lib
LOAD C:\Program Files\CodeSourcery\Sourcery_CodeBench_Lite_for_ARM_EABI/arm-none-eabi/lib/thumb/libm.a
LOAD C:\Program Files\CodeSourcery\Sourcery_CodeBench_Lite_for_ARM_EABI/arm-none-eabi/lib/thumb/libc.a
LOAD C:\Program Files\CodeSourcery\Sourcery_CodeBench_Lite_for_ARM_EABI/arm-none-eabi/lib/thumb/libcs3.a
LOAD C:\Program Files\CodeSourcery\Sourcery_CodeBench_Lite_for_ARM_EABI/lib/gcc/arm-none-eabi/4.7.2/thumb/libgcc.a
OUTPUT(build\gcc/APPGS3MDM32A01.elf elf32-littlearm)

.comment        0x00000000       0x30
 .comment       0x00000000       0x30 build\gcc\obj/custom/config/custom_sys_cfg.o
                                 0x31 (size before relaxing)
 .comment       0x00000000       0x31 build\gcc\obj/custom/config/sys_config.o
 .comment       0x00000000       0x31 build\gcc\obj/ril/src/ril_atResponse.o
 .comment       0x00000000       0x31 build\gcc\obj/ril/src/ril_audio.o
 .comment       0x00000000       0x31 build\gcc\obj/ril/src/ril_ble.o
 .comment       0x00000000       0x31 build\gcc\obj/ril/src/ril_bluetooth.o
 .comment       0x00000000       0x31 build\gcc\obj/ril/src/ril_custom.o
 .comment       0x00000000       0x31 build\gcc\obj/ril/src/Ril_dtmf.o
 .comment       0x00000000       0x31 build\gcc\obj/ril/src/ril_gps.o
 .comment       0x00000000       0x31 build\gcc\obj/ril/src/ril_http.o
 .comment       0x00000000       0x31 build\gcc\obj/ril/src/ril_init.o
 .comment       0x00000000       0x31 build\gcc\obj/ril/src/ril_location.o
 .comment       0x00000000       0x31 build\gcc\obj/ril/src/ril_ntp.o
 .comment       0x00000000       0x31 build\gcc\obj/ril/src/ril_sim.o
 .comment       0x00000000       0x31 build\gcc\obj/ril/src/ril_telephony.o
 .comment       0x00000000       0x31 build\gcc\obj/ril/src/ril_urc.o
 .comment       0x00000000       0x31 build\gcc\obj/ril/src/ril_util.o
 .comment       0x00000000       0x31 build\gcc\obj/custom/iic/src/iic_bus_manipulations.o
 .comment       0x00000000       0x31 build\gcc\obj/custom/iic/src/iic_configuration.o
 .comment       0x00000000       0x31 build\gcc\obj/custom/iic/src/timer.o
 .comment       0x00000000       0x31 libs/gcc/app_start.lib(iic.o)
 .comment       0x00000000       0x31 libs/gcc/app_start.lib(memory.o)
 .comment       0x00000000       0x31 libs/gcc/app_start.lib(ql_func.o)
 .comment       0x00000000       0x31 libs/gcc/app_start.lib(ql_main.o)
 .comment       0x00000000       0x31 libs/gcc/app_start.lib(ril_aux.o)
 .comment       0x00000000       0x31 libs/gcc/app_start.lib(ril_main.o)
 .comment       0x00000000       0x31 libs/gcc/app_start.lib(stdlib_func.o)
 .comment       0x00000000       0x31 libs/gcc/app_start.lib(system.o)
 .comment       0x00000000       0x31 libs/gcc/app_start.lib(taskMngt.o)
 .comment       0x00000000       0x31 libs/gcc/app_start.lib(timer.o)
 .comment       0x00000000       0x31 libs/gcc/app_start.lib(uart.o)

.ARM.attributes
                0x00000000       0x2b
 .ARM.attributes
                0x00000000       0x2b build\gcc\obj/custom/config/custom_sys_cfg.o
 .ARM.attributes
                0x0000002b       0x2b build\gcc\obj/custom/config/sys_config.o
 .ARM.attributes
                0x00000056       0x2b build\gcc\obj/ril/src/ril_atResponse.o
 .ARM.attributes
                0x00000081       0x2b build\gcc\obj/ril/src/ril_audio.o
 .ARM.attributes
                0x000000ac       0x2b build\gcc\obj/ril/src/ril_ble.o
 .ARM.attributes
                0x000000d7       0x2b build\gcc\obj/ril/src/ril_bluetooth.o
 .ARM.attributes
                0x00000102       0x2b build\gcc\obj/ril/src/ril_custom.o
 .ARM.attributes
                0x0000012d       0x2b build\gcc\obj/ril/src/Ril_dtmf.o
 .ARM.attributes
                0x00000158       0x2b build\gcc\obj/ril/src/ril_gps.o
 .ARM.attributes
                0x00000183       0x2b build\gcc\obj/ril/src/ril_http.o
 .ARM.attributes
                0x000001ae       0x2b build\gcc\obj/ril/src/ril_init.o
 .ARM.attributes
                0x000001d9       0x2b build\gcc\obj/ril/src/ril_location.o
 .ARM.attributes
                0x00000204       0x2b build\gcc\obj/ril/src/ril_ntp.o
 .ARM.attributes
                0x0000022f       0x2b build\gcc\obj/ril/src/ril_sim.o
 .ARM.attributes
                0x0000025a       0x2b build\gcc\obj/ril/src/ril_telephony.o
 .ARM.attributes
                0x00000285       0x2b build\gcc\obj/ril/src/ril_urc.o
 .ARM.attributes
                0x000002b0       0x2b build\gcc\obj/ril/src/ril_util.o
 .ARM.attributes
                0x000002db       0x2b build\gcc\obj/custom/iic/src/iic_bus_manipulations.o
 .ARM.attributes
                0x00000306       0x2b build\gcc\obj/custom/iic/src/iic_configuration.o
 .ARM.attributes
                0x00000331       0x2b build\gcc\obj/custom/iic/src/timer.o
 .ARM.attributes
                0x0000035c       0x2b libs/gcc/app_start.lib(iic.o)
 .ARM.attributes
                0x00000387       0x2b libs/gcc/app_start.lib(memory.o)
 .ARM.attributes
                0x000003b2       0x2b libs/gcc/app_start.lib(ql_func.o)
 .ARM.attributes
                0x000003dd       0x2b libs/gcc/app_start.lib(ql_main.o)
 .ARM.attributes
                0x00000408       0x2b libs/gcc/app_start.lib(ril_aux.o)
 .ARM.attributes
                0x00000433       0x2b libs/gcc/app_start.lib(ril_main.o)
 .ARM.attributes
                0x0000045e       0x2b libs/gcc/app_start.lib(stdlib_func.o)
 .ARM.attributes
                0x00000489       0x2b libs/gcc/app_start.lib(system.o)
 .ARM.attributes
                0x000004b4       0x2b libs/gcc/app_start.lib(taskMngt.o)
 .ARM.attributes
                0x000004df       0x2b libs/gcc/app_start.lib(timer.o)
 .ARM.attributes
                0x0000050a       0x2b libs/gcc/app_start.lib(uart.o)
 .ARM.attributes
                0x00000535       0x1d libs/gcc/app_start.lib(ocpu_init.o)
 .ARM.attributes
                0x00000552       0x30 C:\Program Files\CodeSourcery\Sourcery_CodeBench_Lite_for_ARM_EABI/arm-none-eabi/lib/thumb/libc.a(lib_a-memcpy.o)
 .ARM.attributes
                0x00000582       0x30 C:\Program Files\CodeSourcery\Sourcery_CodeBench_Lite_for_ARM_EABI/arm-none-eabi/lib/thumb/libc.a(lib_a-memset.o)
 .ARM.attributes
                0x000005b2       0x18 C:\Program Files\CodeSourcery\Sourcery_CodeBench_Lite_for_ARM_EABI/lib/gcc/arm-none-eabi/4.7.2/thumb/libgcc.a(_udivsi3.o)
 .ARM.attributes
                0x000005ca       0x16 C:\Program Files\CodeSourcery\Sourcery_CodeBench_Lite_for_ARM_EABI/lib/gcc/arm-none-eabi/4.7.2/thumb/libgcc.a(_dvmd_tls.o)
 .ARM.attributes
                0x000005e0       0x18 C:\Program Files\CodeSourcery\Sourcery_CodeBench_Lite_for_ARM_EABI/lib/gcc/arm-none-eabi/4.7.2/thumb/libgcc.a(_arm_addsubdf3.o)
 .ARM.attributes
                0x000005f8       0x18 C:\Program Files\CodeSourcery\Sourcery_CodeBench_Lite_for_ARM_EABI/lib/gcc/arm-none-eabi/4.7.2/thumb/libgcc.a(_arm_muldivdf3.o)
 .ARM.attributes
                0x00000610       0x18 C:\Program Files\CodeSourcery\Sourcery_CodeBench_Lite_for_ARM_EABI/lib/gcc/arm-none-eabi/4.7.2/thumb/libgcc.a(_arm_fixdfsi.o)
 .ARM.attributes
                0x00000628       0x18 C:\Program Files\CodeSourcery\Sourcery_CodeBench_Lite_for_ARM_EABI/lib/gcc/arm-none-eabi/4.7.2/thumb/libgcc.a(_arm_truncdfsf2.o)

.debug_frame    0x00000000       0x84
 .debug_frame   0x00000000       0x38 C:\Program Files\CodeSourcery\Sourcery_CodeBench_Lite_for_ARM_EABI/arm-none-eabi/lib/thumb/libc.a(lib_a-memcpy.o)
 .debug_frame   0x00000038       0x2c C:\Program Files\CodeSourcery\Sourcery_CodeBench_Lite_for_ARM_EABI/arm-none-eabi/lib/thumb/libc.a(lib_a-memset.o)
 .debug_frame   0x00000064       0x20 C:\Program Files\CodeSourcery\Sourcery_CodeBench_Lite_for_ARM_EABI/lib/gcc/arm-none-eabi/4.7.2/thumb/libgcc.a(_udivsi3.o)
